data/train_neg/neg1.jpg
data/train_neg/neg10.jpg
data/train_neg/neg100.jpg
data/train_neg/neg1000.jpg
data/train_neg/neg1001.jpg
data/train_neg/neg1002.jpg
data/train_neg/neg1003.jpg
data/train_neg/neg1004.jpg
data/train_neg/neg1005.jpg
data/train_neg/neg1006.jpg
data/train_neg/neg1007.jpg
data/train_neg/neg1008.jpg
data/train_neg/neg1009.jpg
data/train_neg/neg101.jpg
data/train_neg/neg1010.jpg
data/train_neg/neg1011.jpg
data/train_neg/neg1012.jpg
data/train_neg/neg1013.jpg
data/train_neg/neg1014.jpg
data/train_neg/neg1015.jpg
data/train_neg/neg1016.jpg
data/train_neg/neg1017.jpg
data/train_neg/neg1018.jpg
data/train_neg/neg1019.jpg
data/train_neg/neg102.jpg
data/train_neg/neg1020.jpg
data/train_neg/neg1021.jpg
data/train_neg/neg1022.jpg
data/train_neg/neg1023.jpg
data/train_neg/neg1024.jpg
data/train_neg/neg1025.jpg
data/train_neg/neg1026.jpg
data/train_neg/neg1027.jpg
data/train_neg/neg1029.jpg
data/train_neg/neg103.jpg
data/train_neg/neg1030.jpg
data/train_neg/neg1031.jpg
data/train_neg/neg1032.jpg
data/train_neg/neg1033.jpg
data/train_neg/neg1034.jpg
data/train_neg/neg1035.jpg
data/train_neg/neg1036.jpg
data/train_neg/neg1037.jpg
data/train_neg/neg1038.jpg
data/train_neg/neg1039.jpg
data/train_neg/neg104.jpg
data/train_neg/neg1040.jpg
data/train_neg/neg1041.jpg
data/train_neg/neg1042.jpg
data/train_neg/neg1043.jpg
data/train_neg/neg1044.jpg
data/train_neg/neg1045.jpg
data/train_neg/neg1046.jpg
data/train_neg/neg1047.jpg
data/train_neg/neg1048.jpg
data/train_neg/neg1049.jpg
data/train_neg/neg105.jpg
data/train_neg/neg1050.jpg
data/train_neg/neg1051.jpg
data/train_neg/neg1052.jpg
data/train_neg/neg1053.jpg
data/train_neg/neg1054.jpg
data/train_neg/neg1055.jpg
data/train_neg/neg1056.jpg
data/train_neg/neg1057.jpg
data/train_neg/neg1058.jpg
data/train_neg/neg1059.jpg
data/train_neg/neg106.jpg
data/train_neg/neg1060.jpg
data/train_neg/neg1061.jpg
data/train_neg/neg1062.jpg
data/train_neg/neg1063.jpg
data/train_neg/neg1064.jpg
data/train_neg/neg1065.jpg
data/train_neg/neg1066.jpg
data/train_neg/neg1067.jpg
data/train_neg/neg1068.jpg
data/train_neg/neg1069.jpg
data/train_neg/neg107.jpg
data/train_neg/neg1070.jpg
data/train_neg/neg1071.jpg
data/train_neg/neg1072.jpg
data/train_neg/neg1073.jpg
data/train_neg/neg1074.jpg
data/train_neg/neg1075.jpg
data/train_neg/neg1076.jpg
data/train_neg/neg1077.jpg
data/train_neg/neg1078.jpg
data/train_neg/neg1079.jpg
data/train_neg/neg108.jpg
data/train_neg/neg1080.jpg
data/train_neg/neg1081.jpg
data/train_neg/neg1082.jpg
data/train_neg/neg1083.jpg
data/train_neg/neg1084.jpg
data/train_neg/neg1085.jpg
data/train_neg/neg1086.jpg
data/train_neg/neg1087.jpg
data/train_neg/neg1088.jpg
data/train_neg/neg1089.jpg
data/train_neg/neg109.jpg
data/train_neg/neg1090.jpg
data/train_neg/neg1091.jpg
data/train_neg/neg1092.jpg
data/train_neg/neg1093.jpg
data/train_neg/neg1094.jpg
data/train_neg/neg1095.jpg
data/train_neg/neg1096.jpg
data/train_neg/neg1097.jpg
data/train_neg/neg1098.jpg
data/train_neg/neg1099.jpg
data/train_neg/neg11.jpg
data/train_neg/neg110.jpg
data/train_neg/neg1100.jpg
data/train_neg/neg1101.jpg
data/train_neg/neg1102.jpg
data/train_neg/neg1103.jpg
data/train_neg/neg1104.jpg
data/train_neg/neg1105.jpg
data/train_neg/neg1106.jpg
data/train_neg/neg1107.jpg
data/train_neg/neg1108.jpg
data/train_neg/neg1109.jpg
data/train_neg/neg111.jpg
data/train_neg/neg1110.jpg
data/train_neg/neg1111.jpg
data/train_neg/neg1112.jpg
data/train_neg/neg1113.jpg
data/train_neg/neg1114.jpg
data/train_neg/neg1115.jpg
data/train_neg/neg1116.jpg
data/train_neg/neg1117.jpg
data/train_neg/neg1118.jpg
data/train_neg/neg1119.jpg
data/train_neg/neg112.jpg
data/train_neg/neg1120.jpg
data/train_neg/neg1121.jpg
data/train_neg/neg1122.jpg
data/train_neg/neg1123.jpg
data/train_neg/neg1124.jpg
data/train_neg/neg1125.jpg
data/train_neg/neg1126.jpg
data/train_neg/neg1127.jpg
data/train_neg/neg1128.jpg
data/train_neg/neg1129.jpg
data/train_neg/neg113.jpg
data/train_neg/neg1130.jpg
data/train_neg/neg1131.jpg
data/train_neg/neg1132.jpg
data/train_neg/neg1133.jpg
data/train_neg/neg1134.jpg
data/train_neg/neg1135.jpg
data/train_neg/neg1136.jpg
data/train_neg/neg1137.jpg
data/train_neg/neg1138.jpg
data/train_neg/neg1139.jpg
data/train_neg/neg114.jpg
data/train_neg/neg1141.jpg
data/train_neg/neg1142.jpg
data/train_neg/neg1143.jpg
data/train_neg/neg1144.jpg
data/train_neg/neg1145.jpg
data/train_neg/neg1146.jpg
data/train_neg/neg1147.jpg
data/train_neg/neg1148.jpg
data/train_neg/neg1149.jpg
data/train_neg/neg115.jpg
data/train_neg/neg1150.jpg
data/train_neg/neg1151.jpg
data/train_neg/neg1152.jpg
data/train_neg/neg1153.jpg
data/train_neg/neg1154.jpg
data/train_neg/neg1155.jpg
data/train_neg/neg1156.jpg
data/train_neg/neg1157.jpg
data/train_neg/neg1158.jpg
data/train_neg/neg1159.jpg
data/train_neg/neg116.jpg
data/train_neg/neg1160.jpg
data/train_neg/neg1161.jpg
data/train_neg/neg1162.jpg
data/train_neg/neg1163.jpg
data/train_neg/neg1164.jpg
data/train_neg/neg1165.jpg
data/train_neg/neg1166.jpg
data/train_neg/neg1167.jpg
data/train_neg/neg1168.jpg
data/train_neg/neg1169.jpg
data/train_neg/neg117.jpg
data/train_neg/neg1170.jpg
data/train_neg/neg1171.jpg
data/train_neg/neg1172.jpg
data/train_neg/neg1173.jpg
data/train_neg/neg1174.jpg
data/train_neg/neg1175.jpg
data/train_neg/neg1176.jpg
data/train_neg/neg1177.jpg
data/train_neg/neg1178.jpg
data/train_neg/neg1179.jpg
data/train_neg/neg118.jpg
data/train_neg/neg1180.jpg
data/train_neg/neg1181.jpg
data/train_neg/neg1182.jpg
data/train_neg/neg1183.jpg
data/train_neg/neg1184.jpg
data/train_neg/neg1185.jpg
data/train_neg/neg1186.jpg
data/train_neg/neg1187.jpg
data/train_neg/neg1188.jpg
data/train_neg/neg1189.jpg
data/train_neg/neg119.jpg
data/train_neg/neg1190.jpg
data/train_neg/neg1191.jpg
data/train_neg/neg1192.jpg
data/train_neg/neg1193.jpg
data/train_neg/neg1194.jpg
data/train_neg/neg1195.jpg
data/train_neg/neg1196.jpg
data/train_neg/neg1197.jpg
data/train_neg/neg1198.jpg
data/train_neg/neg1199.jpg
data/train_neg/neg12.jpg
data/train_neg/neg120.jpg
data/train_neg/neg1200.jpg
data/train_neg/neg1201.jpg
data/train_neg/neg1202.jpg
data/train_neg/neg1203.jpg
data/train_neg/neg1204.jpg
data/train_neg/neg1205.jpg
data/train_neg/neg1206.jpg
data/train_neg/neg1207.jpg
data/train_neg/neg1208.jpg
data/train_neg/neg1209.jpg
data/train_neg/neg1210.jpg
data/train_neg/neg1211.jpg
data/train_neg/neg1212.jpg
data/train_neg/neg1213.jpg
data/train_neg/neg1214.jpg
data/train_neg/neg1215.jpg
data/train_neg/neg1216.jpg
data/train_neg/neg1217.jpg
data/train_neg/neg1218.jpg
data/train_neg/neg1219.jpg
data/train_neg/neg122.jpg
data/train_neg/neg1220.jpg
data/train_neg/neg1221.jpg
data/train_neg/neg1222.jpg
data/train_neg/neg1223.jpg
data/train_neg/neg1224.jpg
data/train_neg/neg1225.jpg
data/train_neg/neg1226.jpg
data/train_neg/neg1227.jpg
data/train_neg/neg1228.jpg
data/train_neg/neg1229.jpg
data/train_neg/neg123.jpg
data/train_neg/neg1230.jpg
data/train_neg/neg1231.jpg
data/train_neg/neg1232.jpg
data/train_neg/neg1233.jpg
data/train_neg/neg1234.jpg
data/train_neg/neg1235.jpg
data/train_neg/neg1236.jpg
data/train_neg/neg1237.jpg
data/train_neg/neg1238.jpg
data/train_neg/neg1239.jpg
data/train_neg/neg124.jpg
data/train_neg/neg1240.jpg
data/train_neg/neg1241.jpg
data/train_neg/neg1242.jpg
data/train_neg/neg1243.jpg
data/train_neg/neg1244.jpg
data/train_neg/neg1245.jpg
data/train_neg/neg1246.jpg
data/train_neg/neg1247.jpg
data/train_neg/neg1248.jpg
data/train_neg/neg1249.jpg
data/train_neg/neg125.jpg
data/train_neg/neg1250.jpg
data/train_neg/neg1251.jpg
data/train_neg/neg1252.jpg
data/train_neg/neg1253.jpg
data/train_neg/neg1254.jpg
data/train_neg/neg1255.jpg
data/train_neg/neg1256.jpg
data/train_neg/neg1257.jpg
data/train_neg/neg1258.jpg
data/train_neg/neg1259.jpg
data/train_neg/neg126.jpg
data/train_neg/neg1260.jpg
data/train_neg/neg1261.jpg
data/train_neg/neg1262.jpg
data/train_neg/neg1263.jpg
data/train_neg/neg1264.jpg
data/train_neg/neg1265.jpg
data/train_neg/neg1266.jpg
data/train_neg/neg1267.jpg
data/train_neg/neg1268.jpg
data/train_neg/neg1269.jpg
data/train_neg/neg127.jpg
data/train_neg/neg1270.jpg
data/train_neg/neg1271.jpg
data/train_neg/neg1272.jpg
data/train_neg/neg1273.jpg
data/train_neg/neg1274.jpg
data/train_neg/neg1275.jpg
data/train_neg/neg1276.jpg
data/train_neg/neg1277.jpg
data/train_neg/neg1278.jpg
data/train_neg/neg1279.jpg
data/train_neg/neg128.jpg
data/train_neg/neg1280.jpg
data/train_neg/neg1281.jpg
data/train_neg/neg1282.jpg
data/train_neg/neg1283.jpg
data/train_neg/neg1284.jpg
data/train_neg/neg1285.jpg
data/train_neg/neg1286.jpg
data/train_neg/neg1287.jpg
data/train_neg/neg1288.jpg
data/train_neg/neg1289.jpg
data/train_neg/neg129.jpg
data/train_neg/neg1290.jpg
data/train_neg/neg1291.jpg
data/train_neg/neg1292.jpg
data/train_neg/neg1293.jpg
data/train_neg/neg1294.jpg
data/train_neg/neg1295.jpg
data/train_neg/neg1296.jpg
data/train_neg/neg1297.jpg
data/train_neg/neg1298.jpg
data/train_neg/neg1299.jpg
data/train_neg/neg13.jpg
data/train_neg/neg130.jpg
data/train_neg/neg1300.jpg
data/train_neg/neg1301.jpg
data/train_neg/neg1302.jpg
data/train_neg/neg1303.jpg
data/train_neg/neg1304.jpg
data/train_neg/neg1305.jpg
data/train_neg/neg1306.jpg
data/train_neg/neg1307.jpg
data/train_neg/neg1308.jpg
data/train_neg/neg1309.jpg
data/train_neg/neg131.jpg
data/train_neg/neg1310.jpg
data/train_neg/neg1311.jpg
data/train_neg/neg1312.jpg
data/train_neg/neg1313.jpg
data/train_neg/neg1314.jpg
data/train_neg/neg1315.jpg
data/train_neg/neg1316.jpg
data/train_neg/neg1317.jpg
data/train_neg/neg1318.jpg
data/train_neg/neg1319.jpg
data/train_neg/neg132.jpg
data/train_neg/neg1320.jpg
data/train_neg/neg1321.jpg
data/train_neg/neg1322.jpg
data/train_neg/neg1323.jpg
data/train_neg/neg1324.jpg
data/train_neg/neg1325.jpg
data/train_neg/neg1326.jpg
data/train_neg/neg1327.jpg
data/train_neg/neg1328.jpg
data/train_neg/neg1329.jpg
data/train_neg/neg133.jpg
data/train_neg/neg1330.jpg
data/train_neg/neg1331.jpg
data/train_neg/neg1332.jpg
data/train_neg/neg1333.jpg
data/train_neg/neg1334.jpg
data/train_neg/neg1335.jpg
data/train_neg/neg1336.jpg
data/train_neg/neg1337.jpg
data/train_neg/neg1338.jpg
data/train_neg/neg1339.jpg
data/train_neg/neg134.jpg
data/train_neg/neg1340.jpg
data/train_neg/neg1341.jpg
data/train_neg/neg1342.jpg
data/train_neg/neg1343.jpg
data/train_neg/neg1344.jpg
data/train_neg/neg1345.jpg
data/train_neg/neg1346.jpg
data/train_neg/neg1347.jpg
data/train_neg/neg1348.jpg
data/train_neg/neg1349.jpg
data/train_neg/neg135.jpg
data/train_neg/neg1350.jpg
data/train_neg/neg1351.jpg
data/train_neg/neg1352.jpg
data/train_neg/neg1353.jpg
data/train_neg/neg1354.jpg
data/train_neg/neg1355.jpg
data/train_neg/neg1356.jpg
data/train_neg/neg1357.jpg
data/train_neg/neg1358.jpg
data/train_neg/neg1359.jpg
data/train_neg/neg136.jpg
data/train_neg/neg1360.jpg
data/train_neg/neg1361.jpg
data/train_neg/neg1362.jpg
data/train_neg/neg1363.jpg
data/train_neg/neg1364.jpg
data/train_neg/neg1365.jpg
data/train_neg/neg1366.jpg
data/train_neg/neg1367.jpg
data/train_neg/neg1368.jpg
data/train_neg/neg1369.jpg
data/train_neg/neg137.jpg
data/train_neg/neg1370.jpg
data/train_neg/neg1371.jpg
data/train_neg/neg1372.jpg
data/train_neg/neg1373.jpg
data/train_neg/neg1374.jpg
data/train_neg/neg1375.jpg
data/train_neg/neg1376.jpg
data/train_neg/neg1377.jpg
data/train_neg/neg1378.jpg
data/train_neg/neg1379.jpg
data/train_neg/neg138.jpg
data/train_neg/neg1380.jpg
data/train_neg/neg1381.jpg
data/train_neg/neg1382.jpg
data/train_neg/neg1383.jpg
data/train_neg/neg1384.jpg
data/train_neg/neg1385.jpg
data/train_neg/neg1386.jpg
data/train_neg/neg1387.jpg
data/train_neg/neg1388.jpg
data/train_neg/neg1389.jpg
data/train_neg/neg139.jpg
data/train_neg/neg1390.jpg
data/train_neg/neg1391.jpg
data/train_neg/neg1392.jpg
data/train_neg/neg1393.jpg
data/train_neg/neg1394.jpg
data/train_neg/neg1395.jpg
data/train_neg/neg1396.jpg
data/train_neg/neg1397.jpg
data/train_neg/neg1398.jpg
data/train_neg/neg1399.jpg
data/train_neg/neg14.jpg
data/train_neg/neg140.jpg
data/train_neg/neg1400.jpg
data/train_neg/neg1401.jpg
data/train_neg/neg1402.jpg
data/train_neg/neg1403.jpg
data/train_neg/neg1404.jpg
data/train_neg/neg1405.jpg
data/train_neg/neg1406.jpg
data/train_neg/neg1407.jpg
data/train_neg/neg1408.jpg
data/train_neg/neg1409.jpg
data/train_neg/neg141.jpg
data/train_neg/neg1410.jpg
data/train_neg/neg1411.jpg
data/train_neg/neg1412.jpg
data/train_neg/neg1413.jpg
data/train_neg/neg1414.jpg
data/train_neg/neg1415.jpg
data/train_neg/neg1416.jpg
data/train_neg/neg1417.jpg
data/train_neg/neg1418.jpg
data/train_neg/neg1419.jpg
data/train_neg/neg142.jpg
data/train_neg/neg1420.jpg
data/train_neg/neg1421.jpg
data/train_neg/neg1422.jpg
data/train_neg/neg1423.jpg
data/train_neg/neg1424.jpg
data/train_neg/neg1425.jpg
data/train_neg/neg1426.jpg
data/train_neg/neg1427.jpg
data/train_neg/neg1428.jpg
data/train_neg/neg1429.jpg
data/train_neg/neg143.jpg
data/train_neg/neg1430.jpg
data/train_neg/neg1431.jpg
data/train_neg/neg1432.jpg
data/train_neg/neg1433.jpg
data/train_neg/neg1434.jpg
data/train_neg/neg1435.jpg
data/train_neg/neg1436.jpg
data/train_neg/neg1437.jpg
data/train_neg/neg1438.jpg
data/train_neg/neg1439.jpg
data/train_neg/neg144.jpg
data/train_neg/neg1440.jpg
data/train_neg/neg1441.jpg
data/train_neg/neg1442.jpg
data/train_neg/neg1443.jpg
data/train_neg/neg1444.jpg
data/train_neg/neg1445.jpg
data/train_neg/neg1446.jpg
data/train_neg/neg1447.jpg
data/train_neg/neg1448.jpg
data/train_neg/neg1449.jpg
data/train_neg/neg145.jpg
data/train_neg/neg1450.jpg
data/train_neg/neg1451.jpg
data/train_neg/neg1452.jpg
data/train_neg/neg1453.jpg
data/train_neg/neg1454.jpg
data/train_neg/neg1455.jpg
data/train_neg/neg1456.jpg
data/train_neg/neg1457.jpg
data/train_neg/neg1458.jpg
data/train_neg/neg1459.jpg
data/train_neg/neg146.jpg
data/train_neg/neg1460.jpg
data/train_neg/neg1461.jpg
data/train_neg/neg1462.jpg
data/train_neg/neg1463.jpg
data/train_neg/neg1464.jpg
data/train_neg/neg1465.jpg
data/train_neg/neg1466.jpg
data/train_neg/neg1467.jpg
data/train_neg/neg1468.jpg
data/train_neg/neg1469.jpg
data/train_neg/neg147.jpg
data/train_neg/neg1470.jpg
data/train_neg/neg1471.jpg
data/train_neg/neg1472.jpg
data/train_neg/neg1473.jpg
data/train_neg/neg1474.jpg
data/train_neg/neg1475.jpg
data/train_neg/neg1476.jpg
data/train_neg/neg1477.jpg
data/train_neg/neg1478.jpg
data/train_neg/neg1479.jpg
data/train_neg/neg148.jpg
data/train_neg/neg1480.jpg
data/train_neg/neg1481.jpg
data/train_neg/neg1482.jpg
data/train_neg/neg1483.jpg
data/train_neg/neg1484.jpg
data/train_neg/neg1485.jpg
data/train_neg/neg1486.jpg
data/train_neg/neg1487.jpg
data/train_neg/neg1488.jpg
data/train_neg/neg1489.jpg
data/train_neg/neg149.jpg
data/train_neg/neg1490.jpg
data/train_neg/neg1491.jpg
data/train_neg/neg1492.jpg
data/train_neg/neg1493.jpg
data/train_neg/neg1494.jpg
data/train_neg/neg1495.jpg
data/train_neg/neg1496.jpg
data/train_neg/neg1497.jpg
data/train_neg/neg1498.jpg
data/train_neg/neg1499.jpg
data/train_neg/neg15.jpg
data/train_neg/neg150.jpg
data/train_neg/neg1500.jpg
data/train_neg/neg1501.jpg
data/train_neg/neg1502.jpg
data/train_neg/neg1503.jpg
data/train_neg/neg1504.jpg
data/train_neg/neg1505.jpg
data/train_neg/neg1506.jpg
data/train_neg/neg1507.jpg
data/train_neg/neg1508.jpg
data/train_neg/neg1509.jpg
data/train_neg/neg151.jpg
data/train_neg/neg1510.jpg
data/train_neg/neg1511.jpg
data/train_neg/neg1512.jpg
data/train_neg/neg1513.jpg
data/train_neg/neg1514.jpg
data/train_neg/neg1515.jpg
data/train_neg/neg1516.jpg
data/train_neg/neg1517.jpg
data/train_neg/neg1518.jpg
data/train_neg/neg1519.jpg
data/train_neg/neg152.jpg
data/train_neg/neg1520.jpg
data/train_neg/neg1521.jpg
data/train_neg/neg1522.jpg
data/train_neg/neg1523.jpg
data/train_neg/neg1524.jpg
data/train_neg/neg1525.jpg
data/train_neg/neg1526.jpg
data/train_neg/neg1527.jpg
data/train_neg/neg1528.jpg
data/train_neg/neg1529.jpg
data/train_neg/neg153.jpg
data/train_neg/neg1530.jpg
data/train_neg/neg1531.jpg
data/train_neg/neg1532.jpg
data/train_neg/neg1533.jpg
data/train_neg/neg1534.jpg
data/train_neg/neg1535.jpg
data/train_neg/neg1536.jpg
data/train_neg/neg1537.jpg
data/train_neg/neg1538.jpg
data/train_neg/neg1539.jpg
data/train_neg/neg154.jpg
data/train_neg/neg1540.jpg
data/train_neg/neg1541.jpg
data/train_neg/neg1542.jpg
data/train_neg/neg1543.jpg
data/train_neg/neg1544.jpg
data/train_neg/neg1545.jpg
data/train_neg/neg1546.jpg
data/train_neg/neg1547.jpg
data/train_neg/neg1548.jpg
data/train_neg/neg1549.jpg
data/train_neg/neg155.jpg
data/train_neg/neg1550.jpg
data/train_neg/neg1551.jpg
data/train_neg/neg1552.jpg
data/train_neg/neg1553.jpg
data/train_neg/neg1554.jpg
data/train_neg/neg1555.jpg
data/train_neg/neg1556.jpg
data/train_neg/neg1557.jpg
data/train_neg/neg1558.jpg
data/train_neg/neg1559.jpg
data/train_neg/neg156.jpg
data/train_neg/neg1560.jpg
data/train_neg/neg1561.jpg
data/train_neg/neg1562.jpg
data/train_neg/neg1563.jpg
data/train_neg/neg1564.jpg
data/train_neg/neg1565.jpg
data/train_neg/neg1566.jpg
data/train_neg/neg1567.jpg
data/train_neg/neg1568.jpg
data/train_neg/neg1569.jpg
data/train_neg/neg157.jpg
data/train_neg/neg1570.jpg
data/train_neg/neg1571.jpg
data/train_neg/neg1572.jpg
data/train_neg/neg1573.jpg
data/train_neg/neg1574.jpg
data/train_neg/neg1575.jpg
data/train_neg/neg1576.jpg
data/train_neg/neg1577.jpg
data/train_neg/neg1578.jpg
data/train_neg/neg1579.jpg
data/train_neg/neg158.jpg
data/train_neg/neg1580.jpg
data/train_neg/neg1581.jpg
data/train_neg/neg1582.jpg
data/train_neg/neg1583.jpg
data/train_neg/neg1584.jpg
data/train_neg/neg1585.jpg
data/train_neg/neg1586.jpg
data/train_neg/neg1587.jpg
data/train_neg/neg1588.jpg
data/train_neg/neg1589.jpg
data/train_neg/neg159.jpg
data/train_neg/neg1590.jpg
data/train_neg/neg1591.jpg
data/train_neg/neg1592.jpg
data/train_neg/neg1593.jpg
data/train_neg/neg1594.jpg
data/train_neg/neg1595.jpg
data/train_neg/neg1596.jpg
data/train_neg/neg1597.jpg
data/train_neg/neg1598.jpg
data/train_neg/neg1599.jpg
data/train_neg/neg16.jpg
data/train_neg/neg160.jpg
data/train_neg/neg1600.jpg
data/train_neg/neg1601.jpg
data/train_neg/neg1602.jpg
data/train_neg/neg1603.jpg
data/train_neg/neg1604.jpg
data/train_neg/neg1605.jpg
data/train_neg/neg1606.jpg
data/train_neg/neg1607.jpg
data/train_neg/neg1608.jpg
data/train_neg/neg1609.jpg
data/train_neg/neg161.jpg
data/train_neg/neg1610.jpg
data/train_neg/neg1611.jpg
data/train_neg/neg1612.jpg
data/train_neg/neg1613.jpg
data/train_neg/neg1614.jpg
data/train_neg/neg1615.jpg
data/train_neg/neg1616.jpg
data/train_neg/neg1617.jpg
data/train_neg/neg1618.jpg
data/train_neg/neg1619.jpg
data/train_neg/neg162.jpg
data/train_neg/neg1620.jpg
data/train_neg/neg1621.jpg
data/train_neg/neg1622.jpg
data/train_neg/neg1623.jpg
data/train_neg/neg1624.jpg
data/train_neg/neg1625.jpg
data/train_neg/neg1626.jpg
data/train_neg/neg1627.jpg
data/train_neg/neg1628.jpg
data/train_neg/neg1629.jpg
data/train_neg/neg163.jpg
data/train_neg/neg1630.jpg
data/train_neg/neg1631.jpg
data/train_neg/neg1632.jpg
data/train_neg/neg1633.jpg
data/train_neg/neg1634.jpg
data/train_neg/neg1635.jpg
data/train_neg/neg1636.jpg
data/train_neg/neg1637.jpg
data/train_neg/neg1638.jpg
data/train_neg/neg1639.jpg
data/train_neg/neg164.jpg
data/train_neg/neg1640.jpg
data/train_neg/neg1641.jpg
data/train_neg/neg1642.jpg
data/train_neg/neg1643.jpg
data/train_neg/neg1644.jpg
data/train_neg/neg1645.jpg
data/train_neg/neg1646.jpg
data/train_neg/neg1647.jpg
data/train_neg/neg1649.jpg
data/train_neg/neg165.jpg
data/train_neg/neg1650.jpg
data/train_neg/neg1651.jpg
data/train_neg/neg1652.jpg
data/train_neg/neg1653.jpg
data/train_neg/neg1654.jpg
data/train_neg/neg1655.jpg
data/train_neg/neg1656.jpg
data/train_neg/neg1657.jpg
data/train_neg/neg1658.jpg
data/train_neg/neg1659.jpg
data/train_neg/neg166.jpg
data/train_neg/neg1660.jpg
data/train_neg/neg1661.jpg
data/train_neg/neg1662.jpg
data/train_neg/neg1663.jpg
data/train_neg/neg1664.jpg
data/train_neg/neg1665.jpg
data/train_neg/neg1666.jpg
data/train_neg/neg1668.jpg
data/train_neg/neg1669.jpg
data/train_neg/neg167.jpg
data/train_neg/neg1670.jpg
data/train_neg/neg1671.jpg
data/train_neg/neg1672.jpg
data/train_neg/neg1673.jpg
data/train_neg/neg1674.jpg
data/train_neg/neg1675.jpg
data/train_neg/neg1676.jpg
data/train_neg/neg1677.jpg
data/train_neg/neg1678.jpg
data/train_neg/neg1679.jpg
data/train_neg/neg168.jpg
data/train_neg/neg1680.jpg
data/train_neg/neg1681.jpg
data/train_neg/neg1682.jpg
data/train_neg/neg1683.jpg
data/train_neg/neg1684.jpg
data/train_neg/neg1685.jpg
data/train_neg/neg1686.jpg
data/train_neg/neg1687.jpg
data/train_neg/neg1688.jpg
data/train_neg/neg1689.jpg
data/train_neg/neg169.jpg
data/train_neg/neg1690.jpg
data/train_neg/neg1691.jpg
data/train_neg/neg1692.jpg
data/train_neg/neg1693.jpg
data/train_neg/neg1694.jpg
data/train_neg/neg1695.jpg
data/train_neg/neg1696.jpg
data/train_neg/neg1697.jpg
data/train_neg/neg1698.jpg
data/train_neg/neg1699.jpg
data/train_neg/neg17.jpg
data/train_neg/neg170.jpg
data/train_neg/neg1700.jpg
data/train_neg/neg1701.jpg
data/train_neg/neg1702.jpg
data/train_neg/neg1703.jpg
data/train_neg/neg1704.jpg
data/train_neg/neg1705.jpg
data/train_neg/neg1706.jpg
data/train_neg/neg1707.jpg
data/train_neg/neg1708.jpg
data/train_neg/neg1709.jpg
data/train_neg/neg171.jpg
data/train_neg/neg1710.jpg
data/train_neg/neg1711.jpg
data/train_neg/neg1712.jpg
data/train_neg/neg1713.jpg
data/train_neg/neg1714.jpg
data/train_neg/neg1715.jpg
data/train_neg/neg1716.jpg
data/train_neg/neg1717.jpg
data/train_neg/neg1718.jpg
data/train_neg/neg1719.jpg
data/train_neg/neg172.jpg
data/train_neg/neg1720.jpg
data/train_neg/neg1721.jpg
data/train_neg/neg1722.jpg
data/train_neg/neg1723.jpg
data/train_neg/neg1724.jpg
data/train_neg/neg1725.jpg
data/train_neg/neg1726.jpg
data/train_neg/neg1727.jpg
data/train_neg/neg1728.jpg
data/train_neg/neg1729.jpg
data/train_neg/neg173.jpg
data/train_neg/neg1730.jpg
data/train_neg/neg1731.jpg
data/train_neg/neg1732.jpg
data/train_neg/neg1733.jpg
data/train_neg/neg1734.jpg
data/train_neg/neg1735.jpg
data/train_neg/neg1736.jpg
data/train_neg/neg1737.jpg
data/train_neg/neg1738.jpg
data/train_neg/neg1739.jpg
data/train_neg/neg174.jpg
data/train_neg/neg1740.jpg
data/train_neg/neg1741.jpg
data/train_neg/neg1742.jpg
data/train_neg/neg1743.jpg
data/train_neg/neg1744.jpg
data/train_neg/neg1745.jpg
data/train_neg/neg1746.jpg
data/train_neg/neg1747.jpg
data/train_neg/neg1748.jpg
data/train_neg/neg1749.jpg
data/train_neg/neg175.jpg
data/train_neg/neg1750.jpg
data/train_neg/neg1751.jpg
data/train_neg/neg1752.jpg
data/train_neg/neg1753.jpg
data/train_neg/neg1754.jpg
data/train_neg/neg1755.jpg
data/train_neg/neg1756.jpg
data/train_neg/neg1757.jpg
data/train_neg/neg1758.jpg
data/train_neg/neg1759.jpg
data/train_neg/neg176.jpg
data/train_neg/neg1760.jpg
data/train_neg/neg1761.jpg
data/train_neg/neg1762.jpg
data/train_neg/neg1763.jpg
data/train_neg/neg1764.jpg
data/train_neg/neg1765.jpg
data/train_neg/neg1766.jpg
data/train_neg/neg1767.jpg
data/train_neg/neg1768.jpg
data/train_neg/neg1769.jpg
data/train_neg/neg177.jpg
data/train_neg/neg1770.jpg
data/train_neg/neg1771.jpg
data/train_neg/neg1772.jpg
data/train_neg/neg1773.jpg
data/train_neg/neg1774.jpg
data/train_neg/neg1775.jpg
data/train_neg/neg1776.jpg
data/train_neg/neg1777.jpg
data/train_neg/neg1778.jpg
data/train_neg/neg1779.jpg
data/train_neg/neg178.jpg
data/train_neg/neg1780.jpg
data/train_neg/neg1781.jpg
data/train_neg/neg1782.jpg
data/train_neg/neg1783.jpg
data/train_neg/neg1784.jpg
data/train_neg/neg1785.jpg
data/train_neg/neg1786.jpg
data/train_neg/neg1787.jpg
data/train_neg/neg1788.jpg
data/train_neg/neg1789.jpg
data/train_neg/neg179.jpg
data/train_neg/neg1790.jpg
data/train_neg/neg1791.jpg
data/train_neg/neg1792.jpg
data/train_neg/neg1793.jpg
data/train_neg/neg1794.jpg
data/train_neg/neg1795.jpg
data/train_neg/neg1796.jpg
data/train_neg/neg1797.jpg
data/train_neg/neg1798.jpg
data/train_neg/neg1799.jpg
data/train_neg/neg18.jpg
data/train_neg/neg180.jpg
data/train_neg/neg1800.jpg
data/train_neg/neg1801.jpg
data/train_neg/neg1802.jpg
data/train_neg/neg1803.jpg
data/train_neg/neg1804.jpg
data/train_neg/neg1805.jpg
data/train_neg/neg1806.jpg
data/train_neg/neg1807.jpg
data/train_neg/neg1808.jpg
data/train_neg/neg1809.jpg
data/train_neg/neg181.jpg
data/train_neg/neg1810.jpg
data/train_neg/neg1811.jpg
data/train_neg/neg1812.jpg
data/train_neg/neg1813.jpg
data/train_neg/neg1814.jpg
data/train_neg/neg1815.jpg
data/train_neg/neg1816.jpg
data/train_neg/neg1817.jpg
data/train_neg/neg1818.jpg
data/train_neg/neg1819.jpg
data/train_neg/neg182.jpg
data/train_neg/neg1820.jpg
data/train_neg/neg1821.jpg
data/train_neg/neg1822.jpg
data/train_neg/neg1823.jpg
data/train_neg/neg1824.jpg
data/train_neg/neg1825.jpg
data/train_neg/neg1826.jpg
data/train_neg/neg1827.jpg
data/train_neg/neg1828.jpg
data/train_neg/neg1829.jpg
data/train_neg/neg183.jpg
data/train_neg/neg1830.jpg
data/train_neg/neg1831.jpg
data/train_neg/neg1832.jpg
data/train_neg/neg1833.jpg
data/train_neg/neg1834.jpg
data/train_neg/neg1835.jpg
data/train_neg/neg1836.jpg
data/train_neg/neg1837.jpg
data/train_neg/neg1838.jpg
data/train_neg/neg1839.jpg
data/train_neg/neg184.jpg
data/train_neg/neg1840.jpg
data/train_neg/neg1841.jpg
data/train_neg/neg1842.jpg
data/train_neg/neg1843.jpg
data/train_neg/neg1844.jpg
data/train_neg/neg1845.jpg
data/train_neg/neg1846.jpg
data/train_neg/neg1847.jpg
data/train_neg/neg1848.jpg
data/train_neg/neg1849.jpg
data/train_neg/neg185.jpg
data/train_neg/neg1850.jpg
data/train_neg/neg1851.jpg
data/train_neg/neg1852.jpg
data/train_neg/neg1853.jpg
data/train_neg/neg1854.jpg
data/train_neg/neg1855.jpg
data/train_neg/neg1856.jpg
data/train_neg/neg1857.jpg
data/train_neg/neg1858.jpg
data/train_neg/neg1859.jpg
data/train_neg/neg186.jpg
data/train_neg/neg1860.jpg
data/train_neg/neg1861.jpg
data/train_neg/neg1862.jpg
data/train_neg/neg1863.jpg
data/train_neg/neg1864.jpg
data/train_neg/neg1865.jpg
data/train_neg/neg1866.jpg
data/train_neg/neg1867.jpg
data/train_neg/neg1868.jpg
data/train_neg/neg1869.jpg
data/train_neg/neg187.jpg
data/train_neg/neg1870.jpg
data/train_neg/neg1871.jpg
data/train_neg/neg1872.jpg
data/train_neg/neg1873.jpg
data/train_neg/neg1874.jpg
data/train_neg/neg1875.jpg
data/train_neg/neg1876.jpg
data/train_neg/neg1877.jpg
data/train_neg/neg1878.jpg
data/train_neg/neg1879.jpg
data/train_neg/neg188.jpg
data/train_neg/neg1880.jpg
data/train_neg/neg1881.jpg
data/train_neg/neg1882.jpg
data/train_neg/neg1883.jpg
data/train_neg/neg1884.jpg
data/train_neg/neg1885.jpg
data/train_neg/neg1886.jpg
data/train_neg/neg1887.jpg
data/train_neg/neg1888.jpg
data/train_neg/neg1889.jpg
data/train_neg/neg189.jpg
data/train_neg/neg1890.jpg
data/train_neg/neg1891.jpg
data/train_neg/neg1892.jpg
data/train_neg/neg1893.jpg
data/train_neg/neg1894.jpg
data/train_neg/neg1895.jpg
data/train_neg/neg1896.jpg
data/train_neg/neg1897.jpg
data/train_neg/neg1898.jpg
data/train_neg/neg1899.jpg
data/train_neg/neg19.jpg
data/train_neg/neg190.jpg
data/train_neg/neg1900.jpg
data/train_neg/neg1901.jpg
data/train_neg/neg1902.jpg
data/train_neg/neg1903.jpg
data/train_neg/neg1904.jpg
data/train_neg/neg1905.jpg
data/train_neg/neg1906.jpg
data/train_neg/neg1907.jpg
data/train_neg/neg1908.jpg
data/train_neg/neg1909.jpg
data/train_neg/neg191.jpg
data/train_neg/neg1910.jpg
data/train_neg/neg1911.jpg
data/train_neg/neg1912.jpg
data/train_neg/neg1913.jpg
data/train_neg/neg1914.jpg
data/train_neg/neg1915.jpg
data/train_neg/neg1916.jpg
data/train_neg/neg1917.jpg
data/train_neg/neg1918.jpg
data/train_neg/neg1919.jpg
data/train_neg/neg192.jpg
data/train_neg/neg1920.jpg
data/train_neg/neg1921.jpg
data/train_neg/neg1922.jpg
data/train_neg/neg1923.jpg
data/train_neg/neg1924.jpg
data/train_neg/neg1925.jpg
data/train_neg/neg1926.jpg
data/train_neg/neg1927.jpg
data/train_neg/neg1928.jpg
data/train_neg/neg1929.jpg
data/train_neg/neg193.jpg
data/train_neg/neg1930.jpg
data/train_neg/neg1931.jpg
data/train_neg/neg1932.jpg
data/train_neg/neg1933.jpg
data/train_neg/neg1934.jpg
data/train_neg/neg1935.jpg
data/train_neg/neg1936.jpg
data/train_neg/neg1937.jpg
data/train_neg/neg1938.jpg
data/train_neg/neg1939.jpg
data/train_neg/neg194.jpg
data/train_neg/neg1940.jpg
data/train_neg/neg1941.jpg
data/train_neg/neg1942.jpg
data/train_neg/neg1943.jpg
data/train_neg/neg1944.jpg
data/train_neg/neg1945.jpg
data/train_neg/neg1946.jpg
data/train_neg/neg1947.jpg
data/train_neg/neg1948.jpg
data/train_neg/neg1949.jpg
data/train_neg/neg195.jpg
data/train_neg/neg1950.jpg
data/train_neg/neg1951.jpg
data/train_neg/neg1952.jpg
data/train_neg/neg1953.jpg
data/train_neg/neg1954.jpg
data/train_neg/neg1955.jpg
data/train_neg/neg1956.jpg
data/train_neg/neg1957.jpg
data/train_neg/neg1958.jpg
data/train_neg/neg1959.jpg
data/train_neg/neg196.jpg
data/train_neg/neg1960.jpg
data/train_neg/neg1961.jpg
data/train_neg/neg1962.jpg
data/train_neg/neg1963.jpg
data/train_neg/neg1964.jpg
data/train_neg/neg1965.jpg
data/train_neg/neg1966.jpg
data/train_neg/neg1967.jpg
data/train_neg/neg1968.jpg
data/train_neg/neg1969.jpg
data/train_neg/neg197.jpg
data/train_neg/neg1970.jpg
data/train_neg/neg1971.jpg
data/train_neg/neg1972.jpg
data/train_neg/neg1973.jpg
data/train_neg/neg1974.jpg
data/train_neg/neg1975.jpg
data/train_neg/neg1976.jpg
data/train_neg/neg1977.jpg
data/train_neg/neg1978.jpg
data/train_neg/neg1979.jpg
data/train_neg/neg198.jpg
data/train_neg/neg1980.jpg
data/train_neg/neg1981.jpg
data/train_neg/neg1982.jpg
data/train_neg/neg1983.jpg
data/train_neg/neg1984.jpg
data/train_neg/neg1985.jpg
data/train_neg/neg1986.jpg
data/train_neg/neg1987.jpg
data/train_neg/neg1988.jpg
data/train_neg/neg1989.jpg
data/train_neg/neg199.jpg
data/train_neg/neg1990.jpg
data/train_neg/neg1991.jpg
data/train_neg/neg1992.jpg
data/train_neg/neg1993.jpg
data/train_neg/neg1994.jpg
data/train_neg/neg1995.jpg
data/train_neg/neg1996.jpg
data/train_neg/neg1997.jpg
data/train_neg/neg1998.jpg
data/train_neg/neg1999.jpg
data/train_neg/neg2.jpg
data/train_neg/neg20.jpg
data/train_neg/neg200.jpg
data/train_neg/neg2000.jpg
data/train_neg/neg2001.jpg
data/train_neg/neg2002.jpg
data/train_neg/neg2003.jpg
data/train_neg/neg2004.jpg
data/train_neg/neg2005.jpg
data/train_neg/neg2006.jpg
data/train_neg/neg2007.jpg
data/train_neg/neg2008.jpg
data/train_neg/neg2009.jpg
data/train_neg/neg201.jpg
data/train_neg/neg2010.jpg
data/train_neg/neg2011.jpg
data/train_neg/neg2012.jpg
data/train_neg/neg2013.jpg
data/train_neg/neg2014.jpg
data/train_neg/neg2015.jpg
data/train_neg/neg2016.jpg
data/train_neg/neg2017.jpg
data/train_neg/neg2018.jpg
data/train_neg/neg2019.jpg
data/train_neg/neg202.jpg
data/train_neg/neg2020.jpg
data/train_neg/neg2021.jpg
data/train_neg/neg2022.jpg
data/train_neg/neg2023.jpg
data/train_neg/neg2024.jpg
data/train_neg/neg2025.jpg
data/train_neg/neg2026.jpg
data/train_neg/neg2027.jpg
data/train_neg/neg2028.jpg
data/train_neg/neg2029.jpg
data/train_neg/neg203.jpg
data/train_neg/neg2030.jpg
data/train_neg/neg2031.jpg
data/train_neg/neg2032.jpg
data/train_neg/neg2033.jpg
data/train_neg/neg2034.jpg
data/train_neg/neg2035.jpg
data/train_neg/neg2036.jpg
data/train_neg/neg2037.jpg
data/train_neg/neg2038.jpg
data/train_neg/neg2039.jpg
data/train_neg/neg204.jpg
data/train_neg/neg2040.jpg
data/train_neg/neg2041.jpg
data/train_neg/neg2042.jpg
data/train_neg/neg2043.jpg
data/train_neg/neg2044.jpg
data/train_neg/neg2045.jpg
data/train_neg/neg2046.jpg
data/train_neg/neg2047.jpg
data/train_neg/neg2048.jpg
data/train_neg/neg2049.jpg
data/train_neg/neg205.jpg
data/train_neg/neg2050.jpg
data/train_neg/neg2051.jpg
data/train_neg/neg2052.jpg
data/train_neg/neg2053.jpg
data/train_neg/neg2054.jpg
data/train_neg/neg2055.jpg
data/train_neg/neg2056.jpg
data/train_neg/neg2057.jpg
data/train_neg/neg2058.jpg
data/train_neg/neg2059.jpg
data/train_neg/neg206.jpg
data/train_neg/neg2060.jpg
data/train_neg/neg2061.jpg
data/train_neg/neg2062.jpg
data/train_neg/neg2063.jpg
data/train_neg/neg2064.jpg
data/train_neg/neg2065.jpg
data/train_neg/neg2066.jpg
data/train_neg/neg2067.jpg
data/train_neg/neg2068.jpg
data/train_neg/neg2069.jpg
data/train_neg/neg207.jpg
data/train_neg/neg2070.jpg
data/train_neg/neg2071.jpg
data/train_neg/neg2072.jpg
data/train_neg/neg2073.jpg
data/train_neg/neg2074.jpg
data/train_neg/neg2075.jpg
data/train_neg/neg2076.jpg
data/train_neg/neg2077.jpg
data/train_neg/neg2078.jpg
data/train_neg/neg2079.jpg
data/train_neg/neg208.jpg
data/train_neg/neg2080.jpg
data/train_neg/neg2081.jpg
data/train_neg/neg2082.jpg
data/train_neg/neg2083.jpg
data/train_neg/neg2084.jpg
data/train_neg/neg2085.jpg
data/train_neg/neg2087.jpg
data/train_neg/neg2088.jpg
data/train_neg/neg2089.jpg
data/train_neg/neg209.jpg
data/train_neg/neg2090.jpg
data/train_neg/neg2091.jpg
data/train_neg/neg2092.jpg
data/train_neg/neg2093.jpg
data/train_neg/neg2094.jpg
data/train_neg/neg2095.jpg
data/train_neg/neg2096.jpg
data/train_neg/neg2097.jpg
data/train_neg/neg2098.jpg
data/train_neg/neg2099.jpg
data/train_neg/neg21.jpg
data/train_neg/neg210.jpg
data/train_neg/neg2100.jpg
data/train_neg/neg2101.jpg
data/train_neg/neg2102.jpg
data/train_neg/neg2103.jpg
data/train_neg/neg2104.jpg
data/train_neg/neg2105.jpg
data/train_neg/neg2106.jpg
data/train_neg/neg2107.jpg
data/train_neg/neg2108.jpg
data/train_neg/neg2109.jpg
data/train_neg/neg211.jpg
data/train_neg/neg2110.jpg
data/train_neg/neg2111.jpg
data/train_neg/neg2112.jpg
data/train_neg/neg2113.jpg
data/train_neg/neg2114.jpg
data/train_neg/neg2115.jpg
data/train_neg/neg2116.jpg
data/train_neg/neg2117.jpg
data/train_neg/neg2118.jpg
data/train_neg/neg2119.jpg
data/train_neg/neg212.jpg
data/train_neg/neg2120.jpg
data/train_neg/neg2121.jpg
data/train_neg/neg2123.jpg
data/train_neg/neg2125.jpg
data/train_neg/neg2126.jpg
data/train_neg/neg2127.jpg
data/train_neg/neg2128.jpg
data/train_neg/neg2129.jpg
data/train_neg/neg213.jpg
data/train_neg/neg2130.jpg
data/train_neg/neg2131.jpg
data/train_neg/neg2132.jpg
data/train_neg/neg2133.jpg
data/train_neg/neg2134.jpg
data/train_neg/neg2135.jpg
data/train_neg/neg2136.jpg
data/train_neg/neg2137.jpg
data/train_neg/neg2138.jpg
data/train_neg/neg2139.jpg
data/train_neg/neg214.jpg
data/train_neg/neg2140.jpg
data/train_neg/neg2141.jpg
data/train_neg/neg2142.jpg
data/train_neg/neg2143.jpg
data/train_neg/neg2144.jpg
data/train_neg/neg2145.jpg
data/train_neg/neg2146.jpg
data/train_neg/neg2147.jpg
data/train_neg/neg2148.jpg
data/train_neg/neg2149.jpg
data/train_neg/neg215.jpg
data/train_neg/neg2150.jpg
data/train_neg/neg2151.jpg
data/train_neg/neg2152.jpg
data/train_neg/neg2153.jpg
data/train_neg/neg2154.jpg
data/train_neg/neg2155.jpg
data/train_neg/neg2156.jpg
data/train_neg/neg2157.jpg
data/train_neg/neg2158.jpg
data/train_neg/neg2159.jpg
data/train_neg/neg216.jpg
data/train_neg/neg2160.jpg
data/train_neg/neg2161.jpg
data/train_neg/neg2162.jpg
data/train_neg/neg2163.jpg
data/train_neg/neg2164.jpg
data/train_neg/neg2165.jpg
data/train_neg/neg2166.jpg
data/train_neg/neg2167.jpg
data/train_neg/neg2168.jpg
data/train_neg/neg2169.jpg
data/train_neg/neg217.jpg
data/train_neg/neg2170.jpg
data/train_neg/neg2171.jpg
data/train_neg/neg2172.jpg
data/train_neg/neg2173.jpg
data/train_neg/neg2174.jpg
data/train_neg/neg2176.jpg
data/train_neg/neg2177.jpg
data/train_neg/neg2178.jpg
data/train_neg/neg2179.jpg
data/train_neg/neg218.jpg
data/train_neg/neg2180.jpg
data/train_neg/neg2181.jpg
data/train_neg/neg2182.jpg
data/train_neg/neg2183.jpg
data/train_neg/neg2184.jpg
data/train_neg/neg2185.jpg
data/train_neg/neg2186.jpg
data/train_neg/neg2188.jpg
data/train_neg/neg2189.jpg
data/train_neg/neg219.jpg
data/train_neg/neg2190.jpg
data/train_neg/neg2191.jpg
data/train_neg/neg2192.jpg
data/train_neg/neg2193.jpg
data/train_neg/neg2194.jpg
data/train_neg/neg2195.jpg
data/train_neg/neg2196.jpg
data/train_neg/neg2197.jpg
data/train_neg/neg2198.jpg
data/train_neg/neg2199.jpg
data/train_neg/neg22.jpg
data/train_neg/neg220.jpg
data/train_neg/neg2200.jpg
data/train_neg/neg2201.jpg
data/train_neg/neg2202.jpg
data/train_neg/neg2203.jpg
data/train_neg/neg2204.jpg
data/train_neg/neg2205.jpg
data/train_neg/neg2206.jpg
data/train_neg/neg2207.jpg
data/train_neg/neg2208.jpg
data/train_neg/neg2209.jpg
data/train_neg/neg221.jpg
data/train_neg/neg2210.jpg
data/train_neg/neg2211.jpg
data/train_neg/neg2212.jpg
data/train_neg/neg2214.jpg
data/train_neg/neg2215.jpg
data/train_neg/neg2216.jpg
data/train_neg/neg2217.jpg
data/train_neg/neg2218.jpg
data/train_neg/neg2219.jpg
data/train_neg/neg222.jpg
data/train_neg/neg2220.jpg
data/train_neg/neg2221.jpg
data/train_neg/neg2222.jpg
data/train_neg/neg2223.jpg
data/train_neg/neg2224.jpg
data/train_neg/neg2225.jpg
data/train_neg/neg2226.jpg
data/train_neg/neg2227.jpg
data/train_neg/neg2228.jpg
data/train_neg/neg2229.jpg
data/train_neg/neg223.jpg
data/train_neg/neg2230.jpg
data/train_neg/neg2231.jpg
data/train_neg/neg2232.jpg
data/train_neg/neg2233.jpg
data/train_neg/neg2234.jpg
data/train_neg/neg2235.jpg
data/train_neg/neg2236.jpg
data/train_neg/neg2237.jpg
data/train_neg/neg2238.jpg
data/train_neg/neg2239.jpg
data/train_neg/neg224.jpg
data/train_neg/neg2240.jpg
data/train_neg/neg2241.jpg
data/train_neg/neg2242.jpg
data/train_neg/neg2243.jpg
data/train_neg/neg2244.jpg
data/train_neg/neg2245.jpg
data/train_neg/neg2246.jpg
data/train_neg/neg2247.jpg
data/train_neg/neg2248.jpg
data/train_neg/neg2249.jpg
data/train_neg/neg225.jpg
data/train_neg/neg2250.jpg
data/train_neg/neg2251.jpg
data/train_neg/neg2252.jpg
data/train_neg/neg2253.jpg
data/train_neg/neg2254.jpg
data/train_neg/neg2255.jpg
data/train_neg/neg2256.jpg
data/train_neg/neg2257.jpg
data/train_neg/neg2258.jpg
data/train_neg/neg2259.jpg
data/train_neg/neg226.jpg
data/train_neg/neg2260.jpg
data/train_neg/neg2261.jpg
data/train_neg/neg2262.jpg
data/train_neg/neg2263.jpg
data/train_neg/neg2264.jpg
data/train_neg/neg2265.jpg
data/train_neg/neg2266.jpg
data/train_neg/neg2267.jpg
data/train_neg/neg2268.jpg
data/train_neg/neg2269.jpg
data/train_neg/neg227.jpg
data/train_neg/neg2270.jpg
data/train_neg/neg2271.jpg
data/train_neg/neg2272.jpg
data/train_neg/neg2273.jpg
data/train_neg/neg2274.jpg
data/train_neg/neg2275.jpg
data/train_neg/neg2276.jpg
data/train_neg/neg2277.jpg
data/train_neg/neg2278.jpg
data/train_neg/neg2279.jpg
data/train_neg/neg228.jpg
data/train_neg/neg2280.jpg
data/train_neg/neg2281.jpg
data/train_neg/neg2282.jpg
data/train_neg/neg2283.jpg
data/train_neg/neg2284.jpg
data/train_neg/neg2285.jpg
data/train_neg/neg2286.jpg
data/train_neg/neg2287.jpg
data/train_neg/neg2288.jpg
data/train_neg/neg2289.jpg
data/train_neg/neg229.jpg
data/train_neg/neg2290.jpg
data/train_neg/neg2291.jpg
data/train_neg/neg2292.jpg
data/train_neg/neg2293.jpg
data/train_neg/neg2294.jpg
data/train_neg/neg2295.jpg
data/train_neg/neg2296.jpg
data/train_neg/neg2297.jpg
data/train_neg/neg2298.jpg
data/train_neg/neg2299.jpg
data/train_neg/neg23.jpg
data/train_neg/neg230.jpg
data/train_neg/neg2301.jpg
data/train_neg/neg2302.jpg
data/train_neg/neg2303.jpg
data/train_neg/neg2304.jpg
data/train_neg/neg2305.jpg
data/train_neg/neg2306.jpg
data/train_neg/neg2307.jpg
data/train_neg/neg2308.jpg
data/train_neg/neg2309.jpg
data/train_neg/neg231.jpg
data/train_neg/neg2310.jpg
data/train_neg/neg2311.jpg
data/train_neg/neg2312.jpg
data/train_neg/neg2313.jpg
data/train_neg/neg2314.jpg
data/train_neg/neg2315.jpg
data/train_neg/neg2316.jpg
data/train_neg/neg2317.jpg
data/train_neg/neg2318.jpg
data/train_neg/neg2319.jpg
data/train_neg/neg232.jpg
data/train_neg/neg2320.jpg
data/train_neg/neg2321.jpg
data/train_neg/neg2322.jpg
data/train_neg/neg2323.jpg
data/train_neg/neg2324.jpg
data/train_neg/neg2325.jpg
data/train_neg/neg2326.jpg
data/train_neg/neg2327.jpg
data/train_neg/neg2328.jpg
data/train_neg/neg2329.jpg
data/train_neg/neg233.jpg
data/train_neg/neg2330.jpg
data/train_neg/neg2331.jpg
data/train_neg/neg2332.jpg
data/train_neg/neg2333.jpg
data/train_neg/neg2334.jpg
data/train_neg/neg2335.jpg
data/train_neg/neg2336.jpg
data/train_neg/neg2337.jpg
data/train_neg/neg2338.jpg
data/train_neg/neg2339.jpg
data/train_neg/neg234.jpg
data/train_neg/neg2340.jpg
data/train_neg/neg2341.jpg
data/train_neg/neg2343.jpg
data/train_neg/neg2344.jpg
data/train_neg/neg2345.jpg
data/train_neg/neg2346.jpg
data/train_neg/neg2347.jpg
data/train_neg/neg2348.jpg
data/train_neg/neg2349.jpg
data/train_neg/neg235.jpg
data/train_neg/neg2350.jpg
data/train_neg/neg2351.jpg
data/train_neg/neg2352.jpg
data/train_neg/neg2353.jpg
data/train_neg/neg2354.jpg
data/train_neg/neg2355.jpg
data/train_neg/neg2356.jpg
data/train_neg/neg2357.jpg
data/train_neg/neg2358.jpg
data/train_neg/neg2359.jpg
data/train_neg/neg236.jpg
data/train_neg/neg2360.jpg
data/train_neg/neg2361.jpg
data/train_neg/neg2362.jpg
data/train_neg/neg2363.jpg
data/train_neg/neg2364.jpg
data/train_neg/neg2365.jpg
data/train_neg/neg2366.jpg
data/train_neg/neg2367.jpg
data/train_neg/neg2368.jpg
data/train_neg/neg2369.jpg
data/train_neg/neg237.jpg
data/train_neg/neg2370.jpg
data/train_neg/neg2371.jpg
data/train_neg/neg2372.jpg
data/train_neg/neg2373.jpg
data/train_neg/neg2374.jpg
data/train_neg/neg2375.jpg
data/train_neg/neg2376.jpg
data/train_neg/neg2377.jpg
data/train_neg/neg2378.jpg
data/train_neg/neg2379.jpg
data/train_neg/neg238.jpg
data/train_neg/neg2380.jpg
data/train_neg/neg2381.jpg
data/train_neg/neg2382.jpg
data/train_neg/neg2383.jpg
data/train_neg/neg2384.jpg
data/train_neg/neg2385.jpg
data/train_neg/neg2386.jpg
data/train_neg/neg2387.jpg
data/train_neg/neg2388.jpg
data/train_neg/neg2389.jpg
data/train_neg/neg239.jpg
data/train_neg/neg2390.jpg
data/train_neg/neg2391.jpg
data/train_neg/neg2392.jpg
data/train_neg/neg2393.jpg
data/train_neg/neg2394.jpg
data/train_neg/neg2395.jpg
data/train_neg/neg2396.jpg
data/train_neg/neg2397.jpg
data/train_neg/neg2398.jpg
data/train_neg/neg2399.jpg
data/train_neg/neg24.jpg
data/train_neg/neg240.jpg
data/train_neg/neg2400.jpg
data/train_neg/neg2401.jpg
data/train_neg/neg2402.jpg
data/train_neg/neg2403.jpg
data/train_neg/neg2404.jpg
data/train_neg/neg2405.jpg
data/train_neg/neg2406.jpg
data/train_neg/neg2407.jpg
data/train_neg/neg2408.jpg
data/train_neg/neg2409.jpg
data/train_neg/neg241.jpg
data/train_neg/neg2410.jpg
data/train_neg/neg2411.jpg
data/train_neg/neg2412.jpg
data/train_neg/neg2413.jpg
data/train_neg/neg2414.jpg
data/train_neg/neg2415.jpg
data/train_neg/neg2416.jpg
data/train_neg/neg2417.jpg
data/train_neg/neg2418.jpg
data/train_neg/neg2419.jpg
data/train_neg/neg242.jpg
data/train_neg/neg2420.jpg
data/train_neg/neg2421.jpg
data/train_neg/neg2422.jpg
data/train_neg/neg2423.jpg
data/train_neg/neg2424.jpg
data/train_neg/neg2425.jpg
data/train_neg/neg2426.jpg
data/train_neg/neg2427.jpg
data/train_neg/neg2428.jpg
data/train_neg/neg2429.jpg
data/train_neg/neg243.jpg
data/train_neg/neg2430.jpg
data/train_neg/neg2431.jpg
data/train_neg/neg2432.jpg
data/train_neg/neg2433.jpg
data/train_neg/neg2434.jpg
data/train_neg/neg2435.jpg
data/train_neg/neg2436.jpg
data/train_neg/neg2437.jpg
data/train_neg/neg2438.jpg
data/train_neg/neg2439.jpg
data/train_neg/neg244.jpg
data/train_neg/neg2440.jpg
data/train_neg/neg2441.jpg
data/train_neg/neg2442.jpg
data/train_neg/neg2443.jpg
data/train_neg/neg2444.jpg
data/train_neg/neg2445.jpg
data/train_neg/neg2446.jpg
data/train_neg/neg2447.jpg
data/train_neg/neg2448.jpg
data/train_neg/neg2449.jpg
data/train_neg/neg245.jpg
data/train_neg/neg2450.jpg
data/train_neg/neg2451.jpg
data/train_neg/neg2452.jpg
data/train_neg/neg2453.jpg
data/train_neg/neg2454.jpg
data/train_neg/neg2455.jpg
data/train_neg/neg2456.jpg
data/train_neg/neg2457.jpg
data/train_neg/neg2458.jpg
data/train_neg/neg2459.jpg
data/train_neg/neg246.jpg
data/train_neg/neg2460.jpg
data/train_neg/neg2461.jpg
data/train_neg/neg2462.jpg
data/train_neg/neg2463.jpg
data/train_neg/neg2464.jpg
data/train_neg/neg2465.jpg
data/train_neg/neg2466.jpg
data/train_neg/neg2467.jpg
data/train_neg/neg2468.jpg
data/train_neg/neg2469.jpg
data/train_neg/neg247.jpg
data/train_neg/neg2470.jpg
data/train_neg/neg2471.jpg
data/train_neg/neg2472.jpg
data/train_neg/neg2473.jpg
data/train_neg/neg2474.jpg
data/train_neg/neg2475.jpg
data/train_neg/neg2476.jpg
data/train_neg/neg2477.jpg
data/train_neg/neg2478.jpg
data/train_neg/neg2479.jpg
data/train_neg/neg248.jpg
data/train_neg/neg2480.jpg
data/train_neg/neg2481.jpg
data/train_neg/neg2482.jpg
data/train_neg/neg2483.jpg
data/train_neg/neg2484.jpg
data/train_neg/neg2485.jpg
data/train_neg/neg2486.jpg
data/train_neg/neg2487.jpg
data/train_neg/neg2488.jpg
data/train_neg/neg2489.jpg
data/train_neg/neg249.jpg
data/train_neg/neg2490.jpg
data/train_neg/neg2491.jpg
data/train_neg/neg2492.jpg
data/train_neg/neg2493.jpg
data/train_neg/neg2494.jpg
data/train_neg/neg2495.jpg
data/train_neg/neg2496.jpg
data/train_neg/neg2497.jpg
data/train_neg/neg2498.jpg
data/train_neg/neg2499.jpg
data/train_neg/neg25.jpg
data/train_neg/neg250.jpg
data/train_neg/neg2500.jpg
data/train_neg/neg2501.jpg
data/train_neg/neg2502.jpg
data/train_neg/neg2503.jpg
data/train_neg/neg2504.jpg
data/train_neg/neg2505.jpg
data/train_neg/neg2506.jpg
data/train_neg/neg2507.jpg
data/train_neg/neg2508.jpg
data/train_neg/neg2509.jpg
data/train_neg/neg251.jpg
data/train_neg/neg2510.jpg
data/train_neg/neg2511.jpg
data/train_neg/neg2512.jpg
data/train_neg/neg2513.jpg
data/train_neg/neg2514.jpg
data/train_neg/neg2515.jpg
data/train_neg/neg2516.jpg
data/train_neg/neg2517.jpg
data/train_neg/neg2518.jpg
data/train_neg/neg2519.jpg
data/train_neg/neg252.jpg
data/train_neg/neg2520.jpg
data/train_neg/neg2521.jpg
data/train_neg/neg2522.jpg
data/train_neg/neg2523.jpg
data/train_neg/neg2524.jpg
data/train_neg/neg2525.jpg
data/train_neg/neg2526.jpg
data/train_neg/neg2527.jpg
data/train_neg/neg2528.jpg
data/train_neg/neg2529.jpg
data/train_neg/neg253.jpg
data/train_neg/neg2530.jpg
data/train_neg/neg2531.jpg
data/train_neg/neg2532.jpg
data/train_neg/neg2533.jpg
data/train_neg/neg2534.jpg
data/train_neg/neg2535.jpg
data/train_neg/neg2536.jpg
data/train_neg/neg2537.jpg
data/train_neg/neg2538.jpg
data/train_neg/neg2539.jpg
data/train_neg/neg254.jpg
data/train_neg/neg2540.jpg
data/train_neg/neg2541.jpg
data/train_neg/neg2542.jpg
data/train_neg/neg2543.jpg
data/train_neg/neg2544.jpg
data/train_neg/neg2545.jpg
data/train_neg/neg2547.jpg
data/train_neg/neg2548.jpg
data/train_neg/neg2549.jpg
data/train_neg/neg255.jpg
data/train_neg/neg2550.jpg
data/train_neg/neg2551.jpg
data/train_neg/neg2552.jpg
data/train_neg/neg2553.jpg
data/train_neg/neg2554.jpg
data/train_neg/neg2555.jpg
data/train_neg/neg2556.jpg
data/train_neg/neg2557.jpg
data/train_neg/neg2558.jpg
data/train_neg/neg2559.jpg
data/train_neg/neg256.jpg
data/train_neg/neg2560.jpg
data/train_neg/neg2561.jpg
data/train_neg/neg2562.jpg
data/train_neg/neg2563.jpg
data/train_neg/neg2564.jpg
data/train_neg/neg2565.jpg
data/train_neg/neg2566.jpg
data/train_neg/neg2567.jpg
data/train_neg/neg2568.jpg
data/train_neg/neg2569.jpg
data/train_neg/neg257.jpg
data/train_neg/neg2570.jpg
data/train_neg/neg2571.jpg
data/train_neg/neg2572.jpg
data/train_neg/neg2573.jpg
data/train_neg/neg2574.jpg
data/train_neg/neg2575.jpg
data/train_neg/neg2576.jpg
data/train_neg/neg2577.jpg
data/train_neg/neg2578.jpg
data/train_neg/neg2579.jpg
data/train_neg/neg258.jpg
data/train_neg/neg2580.jpg
data/train_neg/neg2581.jpg
data/train_neg/neg2582.jpg
data/train_neg/neg2583.jpg
data/train_neg/neg2584.jpg
data/train_neg/neg2585.jpg
data/train_neg/neg2586.jpg
data/train_neg/neg2587.jpg
data/train_neg/neg2588.jpg
data/train_neg/neg2589.jpg
data/train_neg/neg259.jpg
data/train_neg/neg2590.jpg
data/train_neg/neg2591.jpg
data/train_neg/neg2592.jpg
data/train_neg/neg2593.jpg
data/train_neg/neg2594.jpg
data/train_neg/neg2595.jpg
data/train_neg/neg2596.jpg
data/train_neg/neg2597.jpg
data/train_neg/neg2598.jpg
data/train_neg/neg2599.jpg
data/train_neg/neg26.jpg
data/train_neg/neg260.jpg
data/train_neg/neg2600.jpg
data/train_neg/neg2601.jpg
data/train_neg/neg2602.jpg
data/train_neg/neg2603.jpg
data/train_neg/neg2604.jpg
data/train_neg/neg2605.jpg
data/train_neg/neg2606.jpg
data/train_neg/neg2607.jpg
data/train_neg/neg2608.jpg
data/train_neg/neg2609.jpg
data/train_neg/neg261.jpg
data/train_neg/neg2610.jpg
data/train_neg/neg2611.jpg
data/train_neg/neg2612.jpg
data/train_neg/neg2613.jpg
data/train_neg/neg2614.jpg
data/train_neg/neg2615.jpg
data/train_neg/neg2616.jpg
data/train_neg/neg2617.jpg
data/train_neg/neg2618.jpg
data/train_neg/neg2619.jpg
data/train_neg/neg262.jpg
data/train_neg/neg2620.jpg
data/train_neg/neg2621.jpg
data/train_neg/neg2622.jpg
data/train_neg/neg2623.jpg
data/train_neg/neg2624.jpg
data/train_neg/neg2625.jpg
data/train_neg/neg2626.jpg
data/train_neg/neg2627.jpg
data/train_neg/neg2628.jpg
data/train_neg/neg2629.jpg
data/train_neg/neg263.jpg
data/train_neg/neg2630.jpg
data/train_neg/neg2631.jpg
data/train_neg/neg2632.jpg
data/train_neg/neg2633.jpg
data/train_neg/neg2634.jpg
data/train_neg/neg2635.jpg
data/train_neg/neg2636.jpg
data/train_neg/neg2637.jpg
data/train_neg/neg2638.jpg
data/train_neg/neg2639.jpg
data/train_neg/neg264.jpg
data/train_neg/neg2640.jpg
data/train_neg/neg2641.jpg
data/train_neg/neg2642.jpg
data/train_neg/neg2643.jpg
data/train_neg/neg2644.jpg
data/train_neg/neg2645.jpg
data/train_neg/neg2646.jpg
data/train_neg/neg2647.jpg
data/train_neg/neg2648.jpg
data/train_neg/neg2649.jpg
data/train_neg/neg265.jpg
data/train_neg/neg2651.jpg
data/train_neg/neg2652.jpg
data/train_neg/neg2653.jpg
data/train_neg/neg2654.jpg
data/train_neg/neg2655.jpg
data/train_neg/neg2656.jpg
data/train_neg/neg2657.jpg
data/train_neg/neg2658.jpg
data/train_neg/neg2659.jpg
data/train_neg/neg266.jpg
data/train_neg/neg2660.jpg
data/train_neg/neg2661.jpg
data/train_neg/neg2662.jpg
data/train_neg/neg2663.jpg
data/train_neg/neg2664.jpg
data/train_neg/neg2665.jpg
data/train_neg/neg2666.jpg
data/train_neg/neg2668.jpg
data/train_neg/neg2669.jpg
data/train_neg/neg267.jpg
data/train_neg/neg2670.jpg
data/train_neg/neg2671.jpg
data/train_neg/neg2672.jpg
data/train_neg/neg2674.jpg
data/train_neg/neg2675.jpg
data/train_neg/neg2676.jpg
data/train_neg/neg2677.jpg
data/train_neg/neg2678.jpg
data/train_neg/neg2679.jpg
data/train_neg/neg268.jpg
data/train_neg/neg2680.jpg
data/train_neg/neg2681.jpg
data/train_neg/neg2682.jpg
data/train_neg/neg2683.jpg
data/train_neg/neg2685.jpg
data/train_neg/neg2686.jpg
data/train_neg/neg2687.jpg
data/train_neg/neg2688.jpg
data/train_neg/neg2689.jpg
data/train_neg/neg269.jpg
data/train_neg/neg2690.jpg
data/train_neg/neg2691.jpg
data/train_neg/neg2692.jpg
data/train_neg/neg2693.jpg
data/train_neg/neg2694.jpg
data/train_neg/neg2695.jpg
data/train_neg/neg2696.jpg
data/train_neg/neg2697.jpg
data/train_neg/neg2698.jpg
data/train_neg/neg2699.jpg
data/train_neg/neg27.jpg
data/train_neg/neg270.jpg
data/train_neg/neg2700.jpg
data/train_neg/neg2701.jpg
data/train_neg/neg2702.jpg
data/train_neg/neg2703.jpg
data/train_neg/neg2704.jpg
data/train_neg/neg2705.jpg
data/train_neg/neg2706.jpg
data/train_neg/neg2707.jpg
data/train_neg/neg2708.jpg
data/train_neg/neg2709.jpg
data/train_neg/neg271.jpg
data/train_neg/neg2710.jpg
data/train_neg/neg2711.jpg
data/train_neg/neg2712.jpg
data/train_neg/neg2713.jpg
data/train_neg/neg2714.jpg
data/train_neg/neg2715.jpg
data/train_neg/neg2716.jpg
data/train_neg/neg2717.jpg
data/train_neg/neg2718.jpg
data/train_neg/neg2719.jpg
data/train_neg/neg272.jpg
data/train_neg/neg2720.jpg
data/train_neg/neg2721.jpg
data/train_neg/neg2722.jpg
data/train_neg/neg2723.jpg
data/train_neg/neg2724.jpg
data/train_neg/neg2725.jpg
data/train_neg/neg2726.jpg
data/train_neg/neg2727.jpg
data/train_neg/neg2728.jpg
data/train_neg/neg2729.jpg
data/train_neg/neg273.jpg
data/train_neg/neg2730.jpg
data/train_neg/neg2731.jpg
data/train_neg/neg2732.jpg
data/train_neg/neg2733.jpg
data/train_neg/neg2734.jpg
data/train_neg/neg2735.jpg
data/train_neg/neg2736.jpg
data/train_neg/neg2737.jpg
data/train_neg/neg2738.jpg
data/train_neg/neg2739.jpg
data/train_neg/neg274.jpg
data/train_neg/neg2740.jpg
data/train_neg/neg2741.jpg
data/train_neg/neg2742.jpg
data/train_neg/neg2743.jpg
data/train_neg/neg2744.jpg
data/train_neg/neg2745.jpg
data/train_neg/neg2746.jpg
data/train_neg/neg2747.jpg
data/train_neg/neg2748.jpg
data/train_neg/neg2749.jpg
data/train_neg/neg275.jpg
data/train_neg/neg2750.jpg
data/train_neg/neg2751.jpg
data/train_neg/neg2752.jpg
data/train_neg/neg2753.jpg
data/train_neg/neg2754.jpg
data/train_neg/neg2755.jpg
data/train_neg/neg2756.jpg
data/train_neg/neg2757.jpg
data/train_neg/neg2758.jpg
data/train_neg/neg2759.jpg
data/train_neg/neg276.jpg
data/train_neg/neg2760.jpg
data/train_neg/neg2761.jpg
data/train_neg/neg2762.jpg
data/train_neg/neg2763.jpg
data/train_neg/neg2764.jpg
data/train_neg/neg2765.jpg
data/train_neg/neg2766.jpg
data/train_neg/neg2767.jpg
data/train_neg/neg2768.jpg
data/train_neg/neg2769.jpg
data/train_neg/neg277.jpg
data/train_neg/neg2770.jpg
data/train_neg/neg2771.jpg
data/train_neg/neg2772.jpg
data/train_neg/neg2773.jpg
data/train_neg/neg2774.jpg
data/train_neg/neg2775.jpg
data/train_neg/neg2776.jpg
data/train_neg/neg2777.jpg
data/train_neg/neg2778.jpg
data/train_neg/neg2779.jpg
data/train_neg/neg278.jpg
data/train_neg/neg2780.jpg
data/train_neg/neg2781.jpg
data/train_neg/neg2782.jpg
data/train_neg/neg2783.jpg
data/train_neg/neg2784.jpg
data/train_neg/neg2785.jpg
data/train_neg/neg2786.jpg
data/train_neg/neg2787.jpg
data/train_neg/neg2788.jpg
data/train_neg/neg2789.jpg
data/train_neg/neg279.jpg
data/train_neg/neg2790.jpg
data/train_neg/neg2791.jpg
data/train_neg/neg2792.jpg
data/train_neg/neg2793.jpg
data/train_neg/neg2794.jpg
data/train_neg/neg2795.jpg
data/train_neg/neg2796.jpg
data/train_neg/neg2797.jpg
data/train_neg/neg2798.jpg
data/train_neg/neg2799.jpg
data/train_neg/neg28.jpg
data/train_neg/neg280.jpg
data/train_neg/neg2800.jpg
data/train_neg/neg2801.jpg
data/train_neg/neg2802.jpg
data/train_neg/neg2803.jpg
data/train_neg/neg2804.jpg
data/train_neg/neg2805.jpg
data/train_neg/neg2806.jpg
data/train_neg/neg2807.jpg
data/train_neg/neg2808.jpg
data/train_neg/neg2809.jpg
data/train_neg/neg281.jpg
data/train_neg/neg2810.jpg
data/train_neg/neg2811.jpg
data/train_neg/neg2812.jpg
data/train_neg/neg2813.jpg
data/train_neg/neg2814.jpg
data/train_neg/neg2815.jpg
data/train_neg/neg2816.jpg
data/train_neg/neg2817.jpg
data/train_neg/neg2818.jpg
data/train_neg/neg282.jpg
data/train_neg/neg2820.jpg
data/train_neg/neg2821.jpg
data/train_neg/neg2822.jpg
data/train_neg/neg2823.jpg
data/train_neg/neg2824.jpg
data/train_neg/neg2825.jpg
data/train_neg/neg2826.jpg
data/train_neg/neg2827.jpg
data/train_neg/neg2828.jpg
data/train_neg/neg2829.jpg
data/train_neg/neg283.jpg
data/train_neg/neg2830.jpg
data/train_neg/neg2831.jpg
data/train_neg/neg2832.jpg
data/train_neg/neg2833.jpg
data/train_neg/neg2834.jpg
data/train_neg/neg2835.jpg
data/train_neg/neg2836.jpg
data/train_neg/neg2837.jpg
data/train_neg/neg2838.jpg
data/train_neg/neg2839.jpg
data/train_neg/neg284.jpg
data/train_neg/neg2840.jpg
data/train_neg/neg2841.jpg
data/train_neg/neg2842.jpg
data/train_neg/neg2843.jpg
data/train_neg/neg2844.jpg
data/train_neg/neg2845.jpg
data/train_neg/neg2846.jpg
data/train_neg/neg2847.jpg
data/train_neg/neg2848.jpg
data/train_neg/neg2849.jpg
data/train_neg/neg285.jpg
data/train_neg/neg2850.jpg
data/train_neg/neg2851.jpg
data/train_neg/neg2852.jpg
data/train_neg/neg2853.jpg
data/train_neg/neg2854.jpg
data/train_neg/neg2855.jpg
data/train_neg/neg2856.jpg
data/train_neg/neg2857.jpg
data/train_neg/neg2858.jpg
data/train_neg/neg2859.jpg
data/train_neg/neg286.jpg
data/train_neg/neg2860.jpg
data/train_neg/neg2861.jpg
data/train_neg/neg2862.jpg
data/train_neg/neg2863.jpg
data/train_neg/neg2864.jpg
data/train_neg/neg2865.jpg
data/train_neg/neg2866.jpg
data/train_neg/neg2867.jpg
data/train_neg/neg2868.jpg
data/train_neg/neg2869.jpg
data/train_neg/neg287.jpg
data/train_neg/neg2870.jpg
data/train_neg/neg2871.jpg
data/train_neg/neg2872.jpg
data/train_neg/neg2873.jpg
data/train_neg/neg2874.jpg
data/train_neg/neg2875.jpg
data/train_neg/neg2876.jpg
data/train_neg/neg2877.jpg
data/train_neg/neg2878.jpg
data/train_neg/neg2879.jpg
data/train_neg/neg288.jpg
data/train_neg/neg2880.jpg
data/train_neg/neg2881.jpg
data/train_neg/neg2882.jpg
data/train_neg/neg2883.jpg
data/train_neg/neg2884.jpg
data/train_neg/neg2885.jpg
data/train_neg/neg2886.jpg
data/train_neg/neg2887.jpg
data/train_neg/neg2888.jpg
data/train_neg/neg2889.jpg
data/train_neg/neg289.jpg
data/train_neg/neg2890.jpg
data/train_neg/neg2891.jpg
data/train_neg/neg2892.jpg
data/train_neg/neg2893.jpg
data/train_neg/neg2894.jpg
data/train_neg/neg2895.jpg
data/train_neg/neg2896.jpg
data/train_neg/neg2897.jpg
data/train_neg/neg2898.jpg
data/train_neg/neg2899.jpg
data/train_neg/neg29.jpg
data/train_neg/neg290.jpg
data/train_neg/neg2900.jpg
data/train_neg/neg2901.jpg
data/train_neg/neg2902.jpg
data/train_neg/neg2903.jpg
data/train_neg/neg2904.jpg
data/train_neg/neg2905.jpg
data/train_neg/neg2906.jpg
data/train_neg/neg2907.jpg
data/train_neg/neg2908.jpg
data/train_neg/neg2909.jpg
data/train_neg/neg291.jpg
data/train_neg/neg2910.jpg
data/train_neg/neg2911.jpg
data/train_neg/neg2912.jpg
data/train_neg/neg2913.jpg
data/train_neg/neg2914.jpg
data/train_neg/neg2915.jpg
data/train_neg/neg2916.jpg
data/train_neg/neg2917.jpg
data/train_neg/neg2918.jpg
data/train_neg/neg2919.jpg
data/train_neg/neg292.jpg
data/train_neg/neg2920.jpg
data/train_neg/neg2921.jpg
data/train_neg/neg2922.jpg
data/train_neg/neg2923.jpg
data/train_neg/neg2924.jpg
data/train_neg/neg2925.jpg
data/train_neg/neg2926.jpg
data/train_neg/neg2927.jpg
data/train_neg/neg2928.jpg
data/train_neg/neg2929.jpg
data/train_neg/neg293.jpg
data/train_neg/neg2930.jpg
data/train_neg/neg2931.jpg
data/train_neg/neg2932.jpg
data/train_neg/neg2933.jpg
data/train_neg/neg2934.jpg
data/train_neg/neg2935.jpg
data/train_neg/neg2936.jpg
data/train_neg/neg2937.jpg
data/train_neg/neg2938.jpg
data/train_neg/neg2939.jpg
data/train_neg/neg294.jpg
data/train_neg/neg2940.jpg
data/train_neg/neg2941.jpg
data/train_neg/neg2942.jpg
data/train_neg/neg2943.jpg
data/train_neg/neg2944.jpg
data/train_neg/neg2945.jpg
data/train_neg/neg2946.jpg
data/train_neg/neg2947.jpg
data/train_neg/neg2948.jpg
data/train_neg/neg2949.jpg
data/train_neg/neg295.jpg
data/train_neg/neg2950.jpg
data/train_neg/neg2951.jpg
data/train_neg/neg2952.jpg
data/train_neg/neg2953.jpg
data/train_neg/neg2954.jpg
data/train_neg/neg2955.jpg
data/train_neg/neg2956.jpg
data/train_neg/neg2957.jpg
data/train_neg/neg2958.jpg
data/train_neg/neg2959.jpg
data/train_neg/neg296.jpg
data/train_neg/neg2960.jpg
data/train_neg/neg2961.jpg
data/train_neg/neg2962.jpg
data/train_neg/neg2963.jpg
data/train_neg/neg2964.jpg
data/train_neg/neg2965.jpg
data/train_neg/neg2966.jpg
data/train_neg/neg2967.jpg
data/train_neg/neg2968.jpg
data/train_neg/neg2969.jpg
data/train_neg/neg297.jpg
data/train_neg/neg2970.jpg
data/train_neg/neg2971.jpg
data/train_neg/neg2972.jpg
data/train_neg/neg2973.jpg
data/train_neg/neg2974.jpg
data/train_neg/neg2975.jpg
data/train_neg/neg2976.jpg
data/train_neg/neg2977.jpg
data/train_neg/neg2978.jpg
data/train_neg/neg2979.jpg
data/train_neg/neg298.jpg
data/train_neg/neg2980.jpg
data/train_neg/neg2981.jpg
data/train_neg/neg2982.jpg
data/train_neg/neg2983.jpg
data/train_neg/neg2984.jpg
data/train_neg/neg2985.jpg
data/train_neg/neg2986.jpg
data/train_neg/neg2987.jpg
data/train_neg/neg2988.jpg
data/train_neg/neg2989.jpg
data/train_neg/neg299.jpg
data/train_neg/neg2990.jpg
data/train_neg/neg2991.jpg
data/train_neg/neg2992.jpg
data/train_neg/neg2993.jpg
data/train_neg/neg2994.jpg
data/train_neg/neg2995.jpg
data/train_neg/neg2996.jpg
data/train_neg/neg2997.jpg
data/train_neg/neg2998.jpg
data/train_neg/neg2999.jpg
data/train_neg/neg3.jpg
data/train_neg/neg30.jpg
data/train_neg/neg300.jpg
data/train_neg/neg3000.jpg
data/train_neg/neg301.jpg
data/train_neg/neg302.jpg
data/train_neg/neg303.jpg
data/train_neg/neg304.jpg
data/train_neg/neg305.jpg
data/train_neg/neg306.jpg
data/train_neg/neg307.jpg
data/train_neg/neg308.jpg
data/train_neg/neg309.jpg
data/train_neg/neg31.jpg
data/train_neg/neg310.jpg
data/train_neg/neg311.jpg
data/train_neg/neg312.jpg
data/train_neg/neg313.jpg
data/train_neg/neg314.jpg
data/train_neg/neg315.jpg
data/train_neg/neg316.jpg
data/train_neg/neg317.jpg
data/train_neg/neg318.jpg
data/train_neg/neg319.jpg
data/train_neg/neg32.jpg
data/train_neg/neg320.jpg
data/train_neg/neg321.jpg
data/train_neg/neg322.jpg
data/train_neg/neg323.jpg
data/train_neg/neg324.jpg
data/train_neg/neg325.jpg
data/train_neg/neg326.jpg
data/train_neg/neg327.jpg
data/train_neg/neg328.jpg
data/train_neg/neg329.jpg
data/train_neg/neg33.jpg
data/train_neg/neg330.jpg
data/train_neg/neg331.jpg
data/train_neg/neg332.jpg
data/train_neg/neg333.jpg
data/train_neg/neg334.jpg
data/train_neg/neg335.jpg
data/train_neg/neg336.jpg
data/train_neg/neg337.jpg
data/train_neg/neg338.jpg
data/train_neg/neg339.jpg
data/train_neg/neg34.jpg
data/train_neg/neg340.jpg
data/train_neg/neg341.jpg
data/train_neg/neg342.jpg
data/train_neg/neg343.jpg
data/train_neg/neg344.jpg
data/train_neg/neg345.jpg
data/train_neg/neg346.jpg
data/train_neg/neg347.jpg
data/train_neg/neg348.jpg
data/train_neg/neg349.jpg
data/train_neg/neg35.jpg
data/train_neg/neg350.jpg
data/train_neg/neg351.jpg
data/train_neg/neg352.jpg
data/train_neg/neg353.jpg
data/train_neg/neg354.jpg
data/train_neg/neg355.jpg
data/train_neg/neg356.jpg
data/train_neg/neg357.jpg
data/train_neg/neg358.jpg
data/train_neg/neg36.jpg
data/train_neg/neg360.jpg
data/train_neg/neg361.jpg
data/train_neg/neg362.jpg
data/train_neg/neg363.jpg
data/train_neg/neg365.jpg
data/train_neg/neg366.jpg
data/train_neg/neg368.jpg
data/train_neg/neg369.jpg
data/train_neg/neg37.jpg
data/train_neg/neg370.jpg
data/train_neg/neg371.jpg
data/train_neg/neg372.jpg
data/train_neg/neg373.jpg
data/train_neg/neg374.jpg
data/train_neg/neg375.jpg
data/train_neg/neg376.jpg
data/train_neg/neg377.jpg
data/train_neg/neg378.jpg
data/train_neg/neg379.jpg
data/train_neg/neg38.jpg
data/train_neg/neg380.jpg
data/train_neg/neg381.jpg
data/train_neg/neg382.jpg
data/train_neg/neg383.jpg
data/train_neg/neg384.jpg
data/train_neg/neg385.jpg
data/train_neg/neg386.jpg
data/train_neg/neg387.jpg
data/train_neg/neg388.jpg
data/train_neg/neg389.jpg
data/train_neg/neg39.jpg
data/train_neg/neg390.jpg
data/train_neg/neg391.jpg
data/train_neg/neg392.jpg
data/train_neg/neg393.jpg
data/train_neg/neg394.jpg
data/train_neg/neg395.jpg
data/train_neg/neg396.jpg
data/train_neg/neg397.jpg
data/train_neg/neg398.jpg
data/train_neg/neg399.jpg
data/train_neg/neg4.jpg
data/train_neg/neg40.jpg
data/train_neg/neg400.jpg
data/train_neg/neg401.jpg
data/train_neg/neg402.jpg
data/train_neg/neg403.jpg
data/train_neg/neg404.jpg
data/train_neg/neg405.jpg
data/train_neg/neg406.jpg
data/train_neg/neg407.jpg
data/train_neg/neg408.jpg
data/train_neg/neg409.jpg
data/train_neg/neg41.jpg
data/train_neg/neg410.jpg
data/train_neg/neg411.jpg
data/train_neg/neg412.jpg
data/train_neg/neg413.jpg
data/train_neg/neg414.jpg
data/train_neg/neg415.jpg
data/train_neg/neg416.jpg
data/train_neg/neg417.jpg
data/train_neg/neg418.jpg
data/train_neg/neg419.jpg
data/train_neg/neg42.jpg
data/train_neg/neg420.jpg
data/train_neg/neg421.jpg
data/train_neg/neg422.jpg
data/train_neg/neg423.jpg
data/train_neg/neg424.jpg
data/train_neg/neg425.jpg
data/train_neg/neg426.jpg
data/train_neg/neg427.jpg
data/train_neg/neg428.jpg
data/train_neg/neg429.jpg
data/train_neg/neg43.jpg
data/train_neg/neg430.jpg
data/train_neg/neg431.jpg
data/train_neg/neg432.jpg
data/train_neg/neg433.jpg
data/train_neg/neg434.jpg
data/train_neg/neg435.jpg
data/train_neg/neg436.jpg
data/train_neg/neg437.jpg
data/train_neg/neg438.jpg
data/train_neg/neg439.jpg
data/train_neg/neg44.jpg
data/train_neg/neg440.jpg
data/train_neg/neg441.jpg
data/train_neg/neg442.jpg
data/train_neg/neg443.jpg
data/train_neg/neg444.jpg
data/train_neg/neg445.jpg
data/train_neg/neg446.jpg
data/train_neg/neg447.jpg
data/train_neg/neg448.jpg
data/train_neg/neg449.jpg
data/train_neg/neg45.jpg
data/train_neg/neg450.jpg
data/train_neg/neg451.jpg
data/train_neg/neg452.jpg
data/train_neg/neg453.jpg
data/train_neg/neg454.jpg
data/train_neg/neg455.jpg
data/train_neg/neg457.jpg
data/train_neg/neg458.jpg
data/train_neg/neg459.jpg
data/train_neg/neg46.jpg
data/train_neg/neg460.jpg
data/train_neg/neg461.jpg
data/train_neg/neg462.jpg
data/train_neg/neg463.jpg
data/train_neg/neg464.jpg
data/train_neg/neg465.jpg
data/train_neg/neg466.jpg
data/train_neg/neg467.jpg
data/train_neg/neg468.jpg
data/train_neg/neg469.jpg
data/train_neg/neg47.jpg
data/train_neg/neg470.jpg
data/train_neg/neg471.jpg
data/train_neg/neg472.jpg
data/train_neg/neg473.jpg
data/train_neg/neg474.jpg
data/train_neg/neg475.jpg
data/train_neg/neg476.jpg
data/train_neg/neg477.jpg
data/train_neg/neg478.jpg
data/train_neg/neg479.jpg
data/train_neg/neg48.jpg
data/train_neg/neg480.jpg
data/train_neg/neg481.jpg
data/train_neg/neg482.jpg
data/train_neg/neg483.jpg
data/train_neg/neg484.jpg
data/train_neg/neg485.jpg
data/train_neg/neg486.jpg
data/train_neg/neg487.jpg
data/train_neg/neg488.jpg
data/train_neg/neg489.jpg
data/train_neg/neg49.jpg
data/train_neg/neg490.jpg
data/train_neg/neg491.jpg
data/train_neg/neg492.jpg
data/train_neg/neg493.jpg
data/train_neg/neg494.jpg
data/train_neg/neg495.jpg
data/train_neg/neg496.jpg
data/train_neg/neg497.jpg
data/train_neg/neg498.jpg
data/train_neg/neg499.jpg
data/train_neg/neg5.jpg
data/train_neg/neg50.jpg
data/train_neg/neg500.jpg
data/train_neg/neg51.jpg
data/train_neg/neg52.jpg
data/train_neg/neg53.jpg
data/train_neg/neg54.jpg
data/train_neg/neg55.jpg
data/train_neg/neg56.jpg
data/train_neg/neg57.jpg
data/train_neg/neg58.jpg
data/train_neg/neg59.jpg
data/train_neg/neg6.jpg
data/train_neg/neg60.jpg
data/train_neg/neg600.jpg
data/train_neg/neg601.jpg
data/train_neg/neg602.jpg
data/train_neg/neg603.jpg
data/train_neg/neg604.jpg
data/train_neg/neg605.jpg
data/train_neg/neg606.jpg
data/train_neg/neg607.jpg
data/train_neg/neg608.jpg
data/train_neg/neg609.jpg
data/train_neg/neg61.jpg
data/train_neg/neg610.jpg
data/train_neg/neg611.jpg
data/train_neg/neg612.jpg
data/train_neg/neg613.jpg
data/train_neg/neg614.jpg
data/train_neg/neg615.jpg
data/train_neg/neg616.jpg
data/train_neg/neg617.jpg
data/train_neg/neg618.jpg
data/train_neg/neg619.jpg
data/train_neg/neg62.jpg
data/train_neg/neg620.jpg
data/train_neg/neg621.jpg
data/train_neg/neg622.jpg
data/train_neg/neg623.jpg
data/train_neg/neg624.jpg
data/train_neg/neg625.jpg
data/train_neg/neg626.jpg
data/train_neg/neg627.jpg
data/train_neg/neg628.jpg
data/train_neg/neg63.jpg
data/train_neg/neg630.jpg
data/train_neg/neg631.jpg
data/train_neg/neg632.jpg
data/train_neg/neg633.jpg
data/train_neg/neg634.jpg
data/train_neg/neg635.jpg
data/train_neg/neg636.jpg
data/train_neg/neg637.jpg
data/train_neg/neg638.jpg
data/train_neg/neg639.jpg
data/train_neg/neg64.jpg
data/train_neg/neg640.jpg
data/train_neg/neg641.jpg
data/train_neg/neg642.jpg
data/train_neg/neg643.jpg
data/train_neg/neg644.jpg
data/train_neg/neg645.jpg
data/train_neg/neg646.jpg
data/train_neg/neg647.jpg
data/train_neg/neg648.jpg
data/train_neg/neg649.jpg
data/train_neg/neg65.jpg
data/train_neg/neg650.jpg
data/train_neg/neg651.jpg
data/train_neg/neg652.jpg
data/train_neg/neg653.jpg
data/train_neg/neg654.jpg
data/train_neg/neg655.jpg
data/train_neg/neg656.jpg
data/train_neg/neg657.jpg
data/train_neg/neg658.jpg
data/train_neg/neg659.jpg
data/train_neg/neg66.jpg
data/train_neg/neg660.jpg
data/train_neg/neg661.jpg
data/train_neg/neg662.jpg
data/train_neg/neg663.jpg
data/train_neg/neg664.jpg
data/train_neg/neg665.jpg
data/train_neg/neg666.jpg
data/train_neg/neg667.jpg
data/train_neg/neg668.jpg
data/train_neg/neg669.jpg
data/train_neg/neg67.jpg
data/train_neg/neg670.jpg
data/train_neg/neg671.jpg
data/train_neg/neg672.jpg
data/train_neg/neg673.jpg
data/train_neg/neg674.jpg
data/train_neg/neg675.jpg
data/train_neg/neg676.jpg
data/train_neg/neg677.jpg
data/train_neg/neg678.jpg
data/train_neg/neg679.jpg
data/train_neg/neg68.jpg
data/train_neg/neg680.jpg
data/train_neg/neg681.jpg
data/train_neg/neg682.jpg
data/train_neg/neg683.jpg
data/train_neg/neg684.jpg
data/train_neg/neg685.jpg
data/train_neg/neg686.jpg
data/train_neg/neg687.jpg
data/train_neg/neg688.jpg
data/train_neg/neg689.jpg
data/train_neg/neg69.jpg
data/train_neg/neg690.jpg
data/train_neg/neg691.jpg
data/train_neg/neg692.jpg
data/train_neg/neg693.jpg
data/train_neg/neg694.jpg
data/train_neg/neg695.jpg
data/train_neg/neg696.jpg
data/train_neg/neg697.jpg
data/train_neg/neg698.jpg
data/train_neg/neg699.jpg
data/train_neg/neg7.jpg
data/train_neg/neg70.jpg
data/train_neg/neg700.jpg
data/train_neg/neg701.jpg
data/train_neg/neg702.jpg
data/train_neg/neg703.jpg
data/train_neg/neg704.jpg
data/train_neg/neg705.jpg
data/train_neg/neg706.jpg
data/train_neg/neg707.jpg
data/train_neg/neg708.jpg
data/train_neg/neg709.jpg
data/train_neg/neg71.jpg
data/train_neg/neg710.jpg
data/train_neg/neg711.jpg
data/train_neg/neg712.jpg
data/train_neg/neg713.jpg
data/train_neg/neg714.jpg
data/train_neg/neg715.jpg
data/train_neg/neg716.jpg
data/train_neg/neg717.jpg
data/train_neg/neg718.jpg
data/train_neg/neg719.jpg
data/train_neg/neg72.jpg
data/train_neg/neg720.jpg
data/train_neg/neg721.jpg
data/train_neg/neg722.jpg
data/train_neg/neg723.jpg
data/train_neg/neg724.jpg
data/train_neg/neg725.jpg
data/train_neg/neg726.jpg
data/train_neg/neg727.jpg
data/train_neg/neg728.jpg
data/train_neg/neg729.jpg
data/train_neg/neg73.jpg
data/train_neg/neg730.jpg
data/train_neg/neg731.jpg
data/train_neg/neg732.jpg
data/train_neg/neg733.jpg
data/train_neg/neg734.jpg
data/train_neg/neg735.jpg
data/train_neg/neg736.jpg
data/train_neg/neg737.jpg
data/train_neg/neg738.jpg
data/train_neg/neg739.jpg
data/train_neg/neg74.jpg
data/train_neg/neg740.jpg
data/train_neg/neg741.jpg
data/train_neg/neg742.jpg
data/train_neg/neg743.jpg
data/train_neg/neg744.jpg
data/train_neg/neg745.jpg
data/train_neg/neg746.jpg
data/train_neg/neg747.jpg
data/train_neg/neg748.jpg
data/train_neg/neg749.jpg
data/train_neg/neg75.jpg
data/train_neg/neg750.jpg
data/train_neg/neg751.jpg
data/train_neg/neg752.jpg
data/train_neg/neg753.jpg
data/train_neg/neg754.jpg
data/train_neg/neg755.jpg
data/train_neg/neg756.jpg
data/train_neg/neg757.jpg
data/train_neg/neg758.jpg
data/train_neg/neg759.jpg
data/train_neg/neg76.jpg
data/train_neg/neg760.jpg
data/train_neg/neg761.jpg
data/train_neg/neg762.jpg
data/train_neg/neg763.jpg
data/train_neg/neg764.jpg
data/train_neg/neg765.jpg
data/train_neg/neg766.jpg
data/train_neg/neg767.jpg
data/train_neg/neg768.jpg
data/train_neg/neg769.jpg
data/train_neg/neg77.jpg
data/train_neg/neg770.jpg
data/train_neg/neg771.jpg
data/train_neg/neg772.jpg
data/train_neg/neg773.jpg
data/train_neg/neg774.jpg
data/train_neg/neg775.jpg
data/train_neg/neg776.jpg
data/train_neg/neg777.jpg
data/train_neg/neg778.jpg
data/train_neg/neg779.jpg
data/train_neg/neg78.jpg
data/train_neg/neg780.jpg
data/train_neg/neg781.jpg
data/train_neg/neg782.jpg
data/train_neg/neg783.jpg
data/train_neg/neg784.jpg
data/train_neg/neg785.jpg
data/train_neg/neg786.jpg
data/train_neg/neg787.jpg
data/train_neg/neg788.jpg
data/train_neg/neg789.jpg
data/train_neg/neg79.jpg
data/train_neg/neg790.jpg
data/train_neg/neg791.jpg
data/train_neg/neg792.jpg
data/train_neg/neg793.jpg
data/train_neg/neg794.jpg
data/train_neg/neg795.jpg
data/train_neg/neg796.jpg
data/train_neg/neg797.jpg
data/train_neg/neg798.jpg
data/train_neg/neg799.jpg
data/train_neg/neg8.jpg
data/train_neg/neg80.jpg
data/train_neg/neg800.jpg
data/train_neg/neg801.jpg
data/train_neg/neg802.jpg
data/train_neg/neg803.jpg
data/train_neg/neg804.jpg
data/train_neg/neg805.jpg
data/train_neg/neg806.jpg
data/train_neg/neg807.jpg
data/train_neg/neg808.jpg
data/train_neg/neg809.jpg
data/train_neg/neg81.jpg
data/train_neg/neg810.jpg
data/train_neg/neg811.jpg
data/train_neg/neg812.jpg
data/train_neg/neg814.jpg
data/train_neg/neg816.jpg
data/train_neg/neg817.jpg
data/train_neg/neg818.jpg
data/train_neg/neg819.jpg
data/train_neg/neg82.jpg
data/train_neg/neg820.jpg
data/train_neg/neg821.jpg
data/train_neg/neg822.jpg
data/train_neg/neg823.jpg
data/train_neg/neg824.jpg
data/train_neg/neg825.jpg
data/train_neg/neg826.jpg
data/train_neg/neg827.jpg
data/train_neg/neg828.jpg
data/train_neg/neg829.jpg
data/train_neg/neg83.jpg
data/train_neg/neg830.jpg
data/train_neg/neg831.jpg
data/train_neg/neg832.jpg
data/train_neg/neg833.jpg
data/train_neg/neg834.jpg
data/train_neg/neg835.jpg
data/train_neg/neg836.jpg
data/train_neg/neg837.jpg
data/train_neg/neg838.jpg
data/train_neg/neg839.jpg
data/train_neg/neg84.jpg
data/train_neg/neg840.jpg
data/train_neg/neg841.jpg
data/train_neg/neg842.jpg
data/train_neg/neg843.jpg
data/train_neg/neg844.jpg
data/train_neg/neg845.jpg
data/train_neg/neg846.jpg
data/train_neg/neg847.jpg
data/train_neg/neg848.jpg
data/train_neg/neg849.jpg
data/train_neg/neg85.jpg
data/train_neg/neg850.jpg
data/train_neg/neg851.jpg
data/train_neg/neg852.jpg
data/train_neg/neg853.jpg
data/train_neg/neg854.jpg
data/train_neg/neg855.jpg
data/train_neg/neg856.jpg
data/train_neg/neg857.jpg
data/train_neg/neg858.jpg
data/train_neg/neg859.jpg
data/train_neg/neg86.jpg
data/train_neg/neg860.jpg
data/train_neg/neg862.jpg
data/train_neg/neg863.jpg
data/train_neg/neg864.jpg
data/train_neg/neg865.jpg
data/train_neg/neg866.jpg
data/train_neg/neg867.jpg
data/train_neg/neg868.jpg
data/train_neg/neg869.jpg
data/train_neg/neg87.jpg
data/train_neg/neg870.jpg
data/train_neg/neg871.jpg
data/train_neg/neg872.jpg
data/train_neg/neg873.jpg
data/train_neg/neg874.jpg
data/train_neg/neg875.jpg
data/train_neg/neg876.jpg
data/train_neg/neg877.jpg
data/train_neg/neg878.jpg
data/train_neg/neg879.jpg
data/train_neg/neg88.jpg
data/train_neg/neg880.jpg
data/train_neg/neg881.jpg
data/train_neg/neg882.jpg
data/train_neg/neg883.jpg
data/train_neg/neg884.jpg
data/train_neg/neg885.jpg
data/train_neg/neg886.jpg
data/train_neg/neg887.jpg
data/train_neg/neg888.jpg
data/train_neg/neg889.jpg
data/train_neg/neg89.jpg
data/train_neg/neg890.jpg
data/train_neg/neg891.jpg
data/train_neg/neg892.jpg
data/train_neg/neg893.jpg
data/train_neg/neg894.jpg
data/train_neg/neg895.jpg
data/train_neg/neg896.jpg
data/train_neg/neg897.jpg
data/train_neg/neg898.jpg
data/train_neg/neg899.jpg
data/train_neg/neg9.jpg
data/train_neg/neg90.jpg
data/train_neg/neg900.jpg
data/train_neg/neg901.jpg
data/train_neg/neg902.jpg
data/train_neg/neg903.jpg
data/train_neg/neg904.jpg
data/train_neg/neg905.jpg
data/train_neg/neg906.jpg
data/train_neg/neg907.jpg
data/train_neg/neg908.jpg
data/train_neg/neg909.jpg
data/train_neg/neg91.jpg
data/train_neg/neg910.jpg
data/train_neg/neg911.jpg
data/train_neg/neg912.jpg
data/train_neg/neg913.jpg
data/train_neg/neg914.jpg
data/train_neg/neg915.jpg
data/train_neg/neg916.jpg
data/train_neg/neg917.jpg
data/train_neg/neg918.jpg
data/train_neg/neg919.jpg
data/train_neg/neg92.jpg
data/train_neg/neg920.jpg
data/train_neg/neg921.jpg
data/train_neg/neg922.jpg
data/train_neg/neg923.jpg
data/train_neg/neg924.jpg
data/train_neg/neg925.jpg
data/train_neg/neg926.jpg
data/train_neg/neg927.jpg
data/train_neg/neg928.jpg
data/train_neg/neg929.jpg
data/train_neg/neg93.jpg
data/train_neg/neg930.jpg
data/train_neg/neg931.jpg
data/train_neg/neg932.jpg
data/train_neg/neg933.jpg
data/train_neg/neg934.jpg
data/train_neg/neg935.jpg
data/train_neg/neg936.jpg
data/train_neg/neg937.jpg
data/train_neg/neg938.jpg
data/train_neg/neg939.jpg
data/train_neg/neg94.jpg
data/train_neg/neg940.jpg
data/train_neg/neg941.jpg
data/train_neg/neg942.jpg
data/train_neg/neg943.jpg
data/train_neg/neg944.jpg
data/train_neg/neg945.jpg
data/train_neg/neg946.jpg
data/train_neg/neg947.jpg
data/train_neg/neg948.jpg
data/train_neg/neg949.jpg
data/train_neg/neg95.jpg
data/train_neg/neg950.jpg
data/train_neg/neg951.jpg
data/train_neg/neg952.jpg
data/train_neg/neg953.jpg
data/train_neg/neg954.jpg
data/train_neg/neg955.jpg
data/train_neg/neg956.jpg
data/train_neg/neg957.jpg
data/train_neg/neg958.jpg
data/train_neg/neg959.jpg
data/train_neg/neg96.jpg
data/train_neg/neg960.jpg
data/train_neg/neg961.jpg
data/train_neg/neg962.jpg
data/train_neg/neg963.jpg
data/train_neg/neg964.jpg
data/train_neg/neg965.jpg
data/train_neg/neg966.jpg
data/train_neg/neg967.jpg
data/train_neg/neg968.jpg
data/train_neg/neg969.jpg
data/train_neg/neg97.jpg
data/train_neg/neg970.jpg
data/train_neg/neg972.jpg
data/train_neg/neg973.jpg
data/train_neg/neg974.jpg
data/train_neg/neg975.jpg
data/train_neg/neg976.jpg
data/train_neg/neg977.jpg
data/train_neg/neg978.jpg
data/train_neg/neg979.jpg
data/train_neg/neg98.jpg
data/train_neg/neg980.jpg
data/train_neg/neg981.jpg
data/train_neg/neg982.jpg
data/train_neg/neg983.jpg
data/train_neg/neg984.jpg
data/train_neg/neg985.jpg
data/train_neg/neg986.jpg
data/train_neg/neg987.jpg
data/train_neg/neg988.jpg
data/train_neg/neg989.jpg
data/train_neg/neg99.jpg
data/train_neg/neg990.jpg
data/train_neg/neg991.jpg
data/train_neg/neg992.jpg
data/train_neg/neg993.jpg
data/train_neg/neg994.jpg
data/train_neg/neg995.jpg
data/train_neg/neg996.jpg
data/train_neg/neg997.jpg
data/train_neg/neg998.jpg
data/train_neg/neg999.jpg
